#
# There is insufficient memory for the Java Runtime Environment to continue.
# Native memory allocation (malloc) failed to allocate 86536 bytes. Error detail: Chunk::new
# Possible reasons:
#   The system is out of physical RAM or swap space
#   This process is running with CompressedOops enabled, and the Java Heap may be blocking the growth of the native heap
# Possible solutions:
#   Reduce memory load on the system
#   Increase physical memory or swap space
#   Check if swap backing store is full
#   Decrease Java heap size (-Xmx/-Xms)
#   Decrease number of Java threads
#   Decrease Java thread stack sizes (-Xss)
#   Set larger code cache with -XX:ReservedCodeCacheSize=
#   JVM is running with Unscaled Compressed Oops mode in which the Java heap is
#     placed in the first 4GB address space. The Java Heap base address is the
#     maximum limit for the native heap growth. Please use -XX:HeapBaseMinAddress
#     to set the Java Heap base and to place the Java Heap above 4GB virtual address.
# This output file may be truncated or incomplete.
#
#  Out of Memory Error (arena.cpp:168), pid=15120, tid=15772
#
# JRE version: OpenJDK Runtime Environment (21.0.6) (build 21.0.6+-13355223-b631.42)
# Java VM: OpenJDK 64-Bit Server VM (21.0.6+-13355223-b631.42, mixed mode, tiered, compressed oops, compressed class ptrs, g1 gc, windows-amd64)
# No core dump will be written. Minidumps are not enabled by default on client versions of Windows
#

---------------  S U M M A R Y ------------

Command Line: --add-opens=java.base/java.lang=ALL-UNNAMED --add-opens=java.base/java.lang.invoke=ALL-UNNAMED --add-opens=java.base/java.util=ALL-UNNAMED --add-opens=java.prefs/java.util.prefs=ALL-UNNAMED --add-exports=jdk.compiler/com.sun.tools.javac.api=ALL-UNNAMED --add-exports=jdk.compiler/com.sun.tools.javac.util=ALL-UNNAMED --add-opens=java.base/java.util=ALL-UNNAMED --add-opens=java.prefs/java.util.prefs=ALL-UNNAMED --add-opens=java.base/java.nio.charset=ALL-UNNAMED --add-opens=java.base/java.net=ALL-UNNAMED --add-opens=java.base/java.util.concurrent.atomic=ALL-UNNAMED --add-opens=java.xml/javax.xml.namespace=ALL-UNNAMED -Xmx2048m -Dfile.encoding=UTF-8 -Duser.country=ZA -Duser.language=en -Duser.variant -javaagent:C:\Users\keabe\.gradle\wrapper\dists\gradle-8.11.1-bin\bpt9gzteqjrbo1mjrsomdt32c\gradle-8.11.1\lib\agents\gradle-instrumentation-agent-8.11.1.jar org.gradle.launcher.daemon.bootstrap.GradleDaemon 8.11.1

Host: AMD Ryzen 3 3250U with Radeon Graphics         , 4 cores, 3G,  Windows 11 , 64 bit Build 26100 (10.0.26100.3775)
Time: Sun May  4 21:36:14 2025 South Africa Standard Time elapsed time: 6858.049889 seconds (0d 1h 54m 18s)

---------------  T H R E A D  ---------------

Current thread (0x00000275960df3d0):  JavaThread "C2 CompilerThread0" daemon [_thread_in_native, id=15772, stack(0x000000e8bbd00000,0x000000e8bbe00000) (1024K)]


Current CompileTask:
C2:6858049 14090   !   4       java.io.ObjectOutputStream::writeObject0 (620 bytes)

Stack: [0x000000e8bbd00000,0x000000e8bbe00000]
Native frames: (J=compiled Java code, j=interpreted, Vv=VM code, C=native code)
V  [jvm.dll+0x6d05a9]
V  [jvm.dll+0x85ea73]
V  [jvm.dll+0x860fce]
V  [jvm.dll+0x8616b3]
V  [jvm.dll+0x27e6e6]
V  [jvm.dll+0xbff6d]
V  [jvm.dll+0xc04a3]
V  [jvm.dll+0x5fa333]
V  [jvm.dll+0x250d92]
V  [jvm.dll+0x249254]
V  [jvm.dll+0x24714e]
V  [jvm.dll+0x1c5f04]
V  [jvm.dll+0x2569ac]
V  [jvm.dll+0x254ef6]
V  [jvm.dll+0x3f0e56]
V  [jvm.dll+0x806e48]
V  [jvm.dll+0x6cee7d]
C  [ucrtbase.dll+0x37b0]
C  [KERNEL32.DLL+0x2e8d7]
C  [ntdll.dll+0xb14fc]


---------------  P R O C E S S  ---------------

Threads class SMR info:
_java_thread_list=0x000002759c749330, length=32, elements={
0x00000275fb714fd0, 0x00000275960b8260, 0x00000275960bbcd0, 0x00000275960bee70,
0x00000275960c9940, 0x00000275960ca390, 0x00000275960db150, 0x00000275960df3d0,
0x00000275960e3ff0, 0x0000027596235560, 0x0000027596496230, 0x000002759b2516d0,
0x000002759b4ff280, 0x000002759bccc560, 0x000002759b569610, 0x000002759b56c400,
0x000002759b569ca0, 0x000002759b56a330, 0x000002759b56ca90, 0x000002759daad810,
0x000002759daac460, 0x000002759daaff70, 0x000002759daad180, 0x000002759daaf250,
0x000002759c503610, 0x000002759d2536e0, 0x000002759d253d70, 0x000002759d254400,
0x000002759d251ca0, 0x000002759d250f80, 0x000002759d252330, 0x000002759d254a90
}

Java Threads: ( => current thread )
  0x00000275fb714fd0 JavaThread "main"                              [_thread_blocked, id=11452, stack(0x000000e8baf00000,0x000000e8bb000000) (1024K)]
  0x00000275960b8260 JavaThread "Reference Handler"          daemon [_thread_blocked, id=14400, stack(0x000000e8bb700000,0x000000e8bb800000) (1024K)]
  0x00000275960bbcd0 JavaThread "Finalizer"                  daemon [_thread_blocked, id=13184, stack(0x000000e8bb800000,0x000000e8bb900000) (1024K)]
  0x00000275960bee70 JavaThread "Signal Dispatcher"          daemon [_thread_blocked, id=10244, stack(0x000000e8bb900000,0x000000e8bba00000) (1024K)]
  0x00000275960c9940 JavaThread "Attach Listener"            daemon [_thread_blocked, id=10692, stack(0x000000e8bba00000,0x000000e8bbb00000) (1024K)]
  0x00000275960ca390 JavaThread "Service Thread"             daemon [_thread_blocked, id=9300, stack(0x000000e8bbb00000,0x000000e8bbc00000) (1024K)]
  0x00000275960db150 JavaThread "Monitor Deflation Thread"   daemon [_thread_blocked, id=7868, stack(0x000000e8bbc00000,0x000000e8bbd00000) (1024K)]
=>0x00000275960df3d0 JavaThread "C2 CompilerThread0"         daemon [_thread_in_native, id=15772, stack(0x000000e8bbd00000,0x000000e8bbe00000) (1024K)]
  0x00000275960e3ff0 JavaThread "C1 CompilerThread0"         daemon [_thread_blocked, id=15284, stack(0x000000e8bbe00000,0x000000e8bbf00000) (1024K)]
  0x0000027596235560 JavaThread "Common-Cleaner"             daemon [_thread_blocked, id=8920, stack(0x000000e8bbf00000,0x000000e8bc000000) (1024K)]
  0x0000027596496230 JavaThread "Notification Thread"        daemon [_thread_blocked, id=17708, stack(0x000000e8bc000000,0x000000e8bc100000) (1024K)]
  0x000002759b2516d0 JavaThread "Daemon health stats"               [_thread_blocked, id=3900, stack(0x000000e8bc400000,0x000000e8bc500000) (1024K)]
  0x000002759b4ff280 JavaThread "Incoming local TCP Connector on port 63013"        [_thread_in_native, id=8592, stack(0x000000e8bc500000,0x000000e8bc600000) (1024K)]
  0x000002759bccc560 JavaThread "Daemon periodic checks"            [_thread_blocked, id=17404, stack(0x000000e8bc600000,0x000000e8bc700000) (1024K)]
  0x000002759b569610 JavaThread "Cache worker for journal cache (C:\Users\keabe\.gradle\caches\journal-1)"        [_thread_blocked, id=8428, stack(0x000000e8bce00000,0x000000e8bcf00000) (1024K)]
  0x000002759b56c400 JavaThread "File lock request listener"        [_thread_in_native, id=7104, stack(0x000000e8bcf00000,0x000000e8bd000000) (1024K)]
  0x000002759b569ca0 JavaThread "Cache worker for file hash cache (C:\Users\keabe\.gradle\caches\8.11.1\fileHashes)"        [_thread_blocked, id=16044, stack(0x000000e8bd000000,0x000000e8bd100000) (1024K)]
  0x000002759b56a330 JavaThread "Cache worker for file content cache (C:\Users\keabe\.gradle\caches\8.11.1\fileContent)"        [_thread_blocked, id=4644, stack(0x000000e8bd100000,0x000000e8bd200000) (1024K)]
  0x000002759b56ca90 JavaThread "File watcher server"        daemon [_thread_in_native, id=6840, stack(0x000000e8bd400000,0x000000e8bd500000) (1024K)]
  0x000002759daad810 JavaThread "File watcher consumer"      daemon [_thread_blocked, id=10280, stack(0x000000e8bd500000,0x000000e8bd600000) (1024K)]
  0x000002759daac460 JavaThread "jar transforms"                    [_thread_blocked, id=6412, stack(0x000000e8bd600000,0x000000e8bd700000) (1024K)]
  0x000002759daaff70 JavaThread "jar transforms Thread 2"           [_thread_blocked, id=7324, stack(0x000000e8bd700000,0x000000e8bd800000) (1024K)]
  0x000002759daad180 JavaThread "jar transforms Thread 3"           [_thread_blocked, id=10180, stack(0x000000e8bd800000,0x000000e8bd900000) (1024K)]
  0x000002759daaf250 JavaThread "jar transforms Thread 4"           [_thread_blocked, id=10520, stack(0x000000e8bd900000,0x000000e8bda00000) (1024K)]
  0x000002759c503610 JavaThread "Memory manager"                    [_thread_blocked, id=1516, stack(0x000000e8bac00000,0x000000e8bad00000) (1024K)]
  0x000002759d2536e0 JavaThread "Daemon Thread 2"                   [_thread_blocked, id=9856, stack(0x000000e8bad00000,0x000000e8bae00000) (1024K)]
  0x000002759d253d70 JavaThread "Handler for socket connection from /127.0.0.1:63013 to /127.0.0.1:63866"        [_thread_in_native, id=15404, stack(0x000000e8bae00000,0x000000e8baf00000) (1024K)]
  0x000002759d254400 JavaThread "Cancel handler"                    [_thread_blocked, id=9888, stack(0x000000e8bc700000,0x000000e8bc800000) (1024K)]
  0x000002759d251ca0 JavaThread "Daemon worker Thread 2"            [_thread_blocked, id=2900, stack(0x000000e8bc800000,0x000000e8bc900000) (1024K)]
  0x000002759d250f80 JavaThread "Asynchronous log dispatcher for DefaultDaemonConnection: socket connection from /127.0.0.1:63013 to /127.0.0.1:63866"        [_thread_blocked, id=15676, stack(0x000000e8bc900000,0x000000e8bca00000) (1024K)]
  0x000002759d252330 JavaThread "Stdin handler"                     [_thread_blocked, id=14432, stack(0x000000e8bca00000,0x000000e8bcb00000) (1024K)]
  0x000002759d254a90 JavaThread "Daemon client event forwarder"        [_thread_in_native, id=8616, stack(0x000000e8bcb00000,0x000000e8bcc00000) (1024K)]
Total: 32

Other Threads:
  0x00000275fe6975f0 VMThread "VM Thread"                           [id=13744, stack(0x000000e8bb600000,0x000000e8bb700000) (1024K)]
  0x00000275fe63e6d0 WatcherThread "VM Periodic Task Thread"        [id=13700, stack(0x000000e8bb500000,0x000000e8bb600000) (1024K)]
  0x00000275fd151710 WorkerThread "GC Thread#0"                     [id=2808, stack(0x000000e8bb000000,0x000000e8bb100000) (1024K)]
  0x00000275963b1490 WorkerThread "GC Thread#1"                     [id=13096, stack(0x000000e8bc100000,0x000000e8bc200000) (1024K)]
  0x00000275964e0d50 WorkerThread "GC Thread#2"                     [id=3392, stack(0x000000e8bc200000,0x000000e8bc300000) (1024K)]
  0x000002759b1558a0 WorkerThread "GC Thread#3"                     [id=12988, stack(0x000000e8bc300000,0x000000e8bc400000) (1024K)]
  0x00000275fd162600 ConcurrentGCThread "G1 Main Marker"            [id=1284, stack(0x000000e8bb100000,0x000000e8bb200000) (1024K)]
  0x00000275fd163010 WorkerThread "G1 Conc#0"                       [id=16460, stack(0x000000e8bb200000,0x000000e8bb300000) (1024K)]
  0x00000275fd1b8290 ConcurrentGCThread "G1 Refine#0"               [id=8816, stack(0x000000e8bb300000,0x000000e8bb400000) (1024K)]
  0x00000275fd1b8d10 ConcurrentGCThread "G1 Service"                [id=684, stack(0x000000e8bb400000,0x000000e8bb500000) (1024K)]
Total: 10

Threads with active compile tasks:
C2 CompilerThread0  6858084 14090   !   4       java.io.ObjectOutputStream::writeObject0 (620 bytes)
Total: 1

VM state: not at safepoint (normal execution)

VM Mutex/Monitor currently owned by a thread: None

Heap address: 0x0000000080000000, size: 2048 MB, Compressed Oops mode: 32-bit

CDS archive(s) not mapped
Compressed class space mapped at: 0x0000000100000000-0x0000000140000000, reserved size: 1073741824
Narrow klass base: 0x0000000000000000, Narrow klass shift: 3, Narrow klass range: 0x140000000

GC Precious Log:
 CardTable entry size: 512
 Card Set container configuration: InlinePtr #cards 5 size 8 Array Of Cards #cards 12 size 40 Howl #buckets 4 coarsen threshold 1843 Howl Bitmap #cards 512 size 80 coarsen threshold 460 Card regions per heap region 1 cards per card region 2048
 CPUs: 4 total, 4 available
 Memory: 3526M
 Large Page Support: Disabled
 NUMA Support: Disabled
 Compressed Oops: Enabled (32-bit)
 Heap Region Size: 1M
 Heap Min Capacity: 8M
 Heap Initial Capacity: 56M
 Heap Max Capacity: 2G
 Pre-touch: Disabled
 Parallel Workers: 4
 Concurrent Workers: 1
 Concurrent Refinement Workers: 4
 Periodic GC: Disabled

Heap:
 garbage-first heap   total 261120K, used 165658K [0x0000000080000000, 0x0000000100000000)
  region size 1024K, 9 young (9216K), 1 survivors (1024K)
 Metaspace       used 129747K, committed 132224K, reserved 1179648K
  class space    used 17662K, committed 18880K, reserved 1048576K

Heap Regions: E=young(eden), S=young(survivor), O=old, HS=humongous(starts), HC=humongous(continues), CS=collection set, F=free, TAMS=top-at-mark-start, PB=parsable bottom
|   0|0x0000000080000000, 0x0000000080100000, 0x0000000080100000|100%|HS|  |TAMS 0x0000000080100000| PB 0x0000000080000000| Complete 
|   1|0x0000000080100000, 0x0000000080200000, 0x0000000080200000|100%|HC|  |TAMS 0x0000000080200000| PB 0x0000000080100000| Complete 
|   2|0x0000000080200000, 0x0000000080300000, 0x0000000080300000|100%|HC|  |TAMS 0x0000000080300000| PB 0x0000000080200000| Complete 
|   3|0x0000000080300000, 0x0000000080400000, 0x0000000080400000|100%| O|  |TAMS 0x0000000080400000| PB 0x0000000080300000| Untracked 
|   4|0x0000000080400000, 0x0000000080500000, 0x0000000080500000|100%| O|  |TAMS 0x0000000080500000| PB 0x0000000080400000| Untracked 
|   5|0x0000000080500000, 0x0000000080600000, 0x0000000080600000|100%| O|  |TAMS 0x0000000080600000| PB 0x0000000080500000| Untracked 
|   6|0x0000000080600000, 0x0000000080700000, 0x0000000080700000|100%| O|  |TAMS 0x0000000080700000| PB 0x0000000080600000| Untracked 
|   7|0x0000000080700000, 0x0000000080800000, 0x0000000080800000|100%| O|  |TAMS 0x0000000080800000| PB 0x0000000080700000| Untracked 
|   8|0x0000000080800000, 0x0000000080900000, 0x0000000080900000|100%| O|  |TAMS 0x0000000080900000| PB 0x0000000080800000| Untracked 
|   9|0x0000000080900000, 0x0000000080a00000, 0x0000000080a00000|100%| O|  |TAMS 0x0000000080a00000| PB 0x0000000080900000| Untracked 
|  10|0x0000000080a00000, 0x0000000080b00000, 0x0000000080b00000|100%|HS|  |TAMS 0x0000000080b00000| PB 0x0000000080a00000| Complete 
|  11|0x0000000080b00000, 0x0000000080c00000, 0x0000000080c00000|100%| O|  |TAMS 0x0000000080c00000| PB 0x0000000080b00000| Untracked 
|  12|0x0000000080c00000, 0x0000000080d00000, 0x0000000080d00000|100%| O|  |TAMS 0x0000000080d00000| PB 0x0000000080c00000| Untracked 
|  13|0x0000000080d00000, 0x0000000080e00000, 0x0000000080e00000|100%| O|  |TAMS 0x0000000080e00000| PB 0x0000000080d00000| Untracked 
|  14|0x0000000080e00000, 0x0000000080f00000, 0x0000000080f00000|100%| O|  |TAMS 0x0000000080f00000| PB 0x0000000080e00000| Untracked 
|  15|0x0000000080f00000, 0x0000000081000000, 0x0000000081000000|100%| O|  |TAMS 0x0000000081000000| PB 0x0000000080f00000| Untracked 
|  16|0x0000000081000000, 0x0000000081100000, 0x0000000081100000|100%| O|  |TAMS 0x0000000081100000| PB 0x0000000081000000| Untracked 
|  17|0x0000000081100000, 0x0000000081200000, 0x0000000081200000|100%| O|  |TAMS 0x0000000081200000| PB 0x0000000081100000| Untracked 
|  18|0x0000000081200000, 0x0000000081300000, 0x0000000081300000|100%| O|  |TAMS 0x0000000081300000| PB 0x0000000081200000| Untracked 
|  19|0x0000000081300000, 0x0000000081400000, 0x0000000081400000|100%| O|  |TAMS 0x0000000081400000| PB 0x0000000081300000| Untracked 
|  20|0x0000000081400000, 0x0000000081500000, 0x0000000081500000|100%| O|  |TAMS 0x0000000081500000| PB 0x0000000081400000| Untracked 
|  21|0x0000000081500000, 0x0000000081600000, 0x0000000081600000|100%| O|  |TAMS 0x0000000081600000| PB 0x0000000081500000| Untracked 
|  22|0x0000000081600000, 0x0000000081700000, 0x0000000081700000|100%| O|  |TAMS 0x0000000081700000| PB 0x0000000081600000| Untracked 
|  23|0x0000000081700000, 0x0000000081800000, 0x0000000081800000|100%|HS|  |TAMS 0x0000000081800000| PB 0x0000000081700000| Complete 
|  24|0x0000000081800000, 0x0000000081900000, 0x0000000081900000|100%|HC|  |TAMS 0x0000000081900000| PB 0x0000000081800000| Complete 
|  25|0x0000000081900000, 0x0000000081a00000, 0x0000000081a00000|100%|HC|  |TAMS 0x0000000081a00000| PB 0x0000000081900000| Complete 
|  26|0x0000000081a00000, 0x0000000081b00000, 0x0000000081b00000|100%|HC|  |TAMS 0x0000000081b00000| PB 0x0000000081a00000| Complete 
|  27|0x0000000081b00000, 0x0000000081c00000, 0x0000000081c00000|100%|HC|  |TAMS 0x0000000081c00000| PB 0x0000000081b00000| Complete 
|  28|0x0000000081c00000, 0x0000000081d00000, 0x0000000081d00000|100%|HC|  |TAMS 0x0000000081d00000| PB 0x0000000081c00000| Complete 
|  29|0x0000000081d00000, 0x0000000081e00000, 0x0000000081e00000|100%| O|  |TAMS 0x0000000081e00000| PB 0x0000000081d00000| Untracked 
|  30|0x0000000081e00000, 0x0000000081f00000, 0x0000000081f00000|100%| O|  |TAMS 0x0000000081f00000| PB 0x0000000081e00000| Untracked 
|  31|0x0000000081f00000, 0x0000000082000000, 0x0000000082000000|100%|HS|  |TAMS 0x0000000082000000| PB 0x0000000081f00000| Complete 
|  32|0x0000000082000000, 0x0000000082100000, 0x0000000082100000|100%|HC|  |TAMS 0x0000000082100000| PB 0x0000000082000000| Complete 
|  33|0x0000000082100000, 0x0000000082200000, 0x0000000082200000|100%|HC|  |TAMS 0x0000000082200000| PB 0x0000000082100000| Complete 
|  34|0x0000000082200000, 0x0000000082300000, 0x0000000082300000|100%|HC|  |TAMS 0x0000000082300000| PB 0x0000000082200000| Complete 
|  35|0x0000000082300000, 0x0000000082400000, 0x0000000082400000|100%|HS|  |TAMS 0x0000000082400000| PB 0x0000000082300000| Complete 
|  36|0x0000000082400000, 0x0000000082500000, 0x0000000082500000|100%|HC|  |TAMS 0x0000000082500000| PB 0x0000000082400000| Complete 
|  37|0x0000000082500000, 0x0000000082600000, 0x0000000082600000|100%|HS|  |TAMS 0x0000000082600000| PB 0x0000000082500000| Complete 
|  38|0x0000000082600000, 0x0000000082700000, 0x0000000082700000|100%| O|  |TAMS 0x0000000082700000| PB 0x0000000082600000| Untracked 
|  39|0x0000000082700000, 0x0000000082800000, 0x0000000082800000|100%| O|  |TAMS 0x0000000082800000| PB 0x0000000082700000| Untracked 
|  40|0x0000000082800000, 0x0000000082900000, 0x0000000082900000|100%| O|  |TAMS 0x0000000082800000| PB 0x0000000082800000| Untracked 
|  41|0x0000000082900000, 0x0000000082a00000, 0x0000000082a00000|100%| O|  |TAMS 0x0000000082a00000| PB 0x0000000082900000| Untracked 
|  42|0x0000000082a00000, 0x0000000082b00000, 0x0000000082b00000|100%| O|  |TAMS 0x0000000082b00000| PB 0x0000000082a00000| Untracked 
|  43|0x0000000082b00000, 0x0000000082c00000, 0x0000000082c00000|100%| O|  |TAMS 0x0000000082c00000| PB 0x0000000082b00000| Untracked 
|  44|0x0000000082c00000, 0x0000000082d00000, 0x0000000082d00000|100%| O|  |TAMS 0x0000000082d00000| PB 0x0000000082c00000| Untracked 
|  45|0x0000000082d00000, 0x0000000082e00000, 0x0000000082e00000|100%| O|  |TAMS 0x0000000082e00000| PB 0x0000000082d00000| Untracked 
|  46|0x0000000082e00000, 0x0000000082f00000, 0x0000000082f00000|100%| O|  |TAMS 0x0000000082f00000| PB 0x0000000082e00000| Untracked 
|  47|0x0000000082f00000, 0x0000000083000000, 0x0000000083000000|100%| O|  |TAMS 0x0000000083000000| PB 0x0000000082f00000| Untracked 
|  48|0x0000000083000000, 0x0000000083100000, 0x0000000083100000|100%|HS|  |TAMS 0x0000000083100000| PB 0x0000000083000000| Complete 
|  49|0x0000000083100000, 0x0000000083200000, 0x0000000083200000|100%|HC|  |TAMS 0x0000000083200000| PB 0x0000000083100000| Complete 
|  50|0x0000000083200000, 0x0000000083300000, 0x0000000083300000|100%| O|  |TAMS 0x0000000083300000| PB 0x0000000083200000| Untracked 
|  51|0x0000000083300000, 0x0000000083400000, 0x0000000083400000|100%| O|  |TAMS 0x0000000083400000| PB 0x0000000083300000| Untracked 
|  52|0x0000000083400000, 0x0000000083500000, 0x0000000083500000|100%| O|  |TAMS 0x0000000083500000| PB 0x0000000083400000| Untracked 
|  53|0x0000000083500000, 0x0000000083600000, 0x0000000083600000|100%| O|  |TAMS 0x0000000083600000| PB 0x0000000083500000| Untracked 
|  54|0x0000000083600000, 0x0000000083700000, 0x0000000083700000|100%| O|  |TAMS 0x0000000083700000| PB 0x0000000083600000| Untracked 
|  55|0x0000000083700000, 0x0000000083800000, 0x0000000083800000|100%| O|  |TAMS 0x0000000083800000| PB 0x0000000083700000| Untracked 
|  56|0x0000000083800000, 0x0000000083900000, 0x0000000083900000|100%| O|  |TAMS 0x0000000083900000| PB 0x0000000083800000| Untracked 
|  57|0x0000000083900000, 0x0000000083a00000, 0x0000000083a00000|100%| O|  |TAMS 0x0000000083a00000| PB 0x0000000083900000| Untracked 
|  58|0x0000000083a00000, 0x0000000083b00000, 0x0000000083b00000|100%| O|  |TAMS 0x0000000083b00000| PB 0x0000000083a00000| Untracked 
|  59|0x0000000083b00000, 0x0000000083c00000, 0x0000000083c00000|100%| O|  |TAMS 0x0000000083c00000| PB 0x0000000083b00000| Untracked 
|  60|0x0000000083c00000, 0x0000000083d00000, 0x0000000083d00000|100%| O|  |TAMS 0x0000000083d00000| PB 0x0000000083c00000| Untracked 
|  61|0x0000000083d00000, 0x0000000083e00000, 0x0000000083e00000|100%| O|  |TAMS 0x0000000083e00000| PB 0x0000000083d00000| Untracked 
|  62|0x0000000083e00000, 0x0000000083f00000, 0x0000000083f00000|100%|HS|  |TAMS 0x0000000083f00000| PB 0x0000000083e00000| Complete 
|  63|0x0000000083f00000, 0x0000000084000000, 0x0000000084000000|100%|HC|  |TAMS 0x0000000084000000| PB 0x0000000083f00000| Complete 
|  64|0x0000000084000000, 0x0000000084100000, 0x0000000084100000|100%|HC|  |TAMS 0x0000000084100000| PB 0x0000000084000000| Complete 
|  65|0x0000000084100000, 0x0000000084200000, 0x0000000084200000|100%|HC|  |TAMS 0x0000000084200000| PB 0x0000000084100000| Complete 
|  66|0x0000000084200000, 0x0000000084300000, 0x0000000084300000|100%|HC|  |TAMS 0x0000000084300000| PB 0x0000000084200000| Complete 
|  67|0x0000000084300000, 0x0000000084400000, 0x0000000084400000|100%|HC|  |TAMS 0x0000000084400000| PB 0x0000000084300000| Complete 
|  68|0x0000000084400000, 0x0000000084500000, 0x0000000084500000|100%| O|  |TAMS 0x0000000084500000| PB 0x0000000084400000| Untracked 
|  69|0x0000000084500000, 0x0000000084600000, 0x0000000084600000|100%| O|  |TAMS 0x0000000084600000| PB 0x0000000084500000| Untracked 
|  70|0x0000000084600000, 0x0000000084700000, 0x0000000084700000|100%|HS|  |TAMS 0x0000000084700000| PB 0x0000000084600000| Complete 
|  71|0x0000000084700000, 0x0000000084800000, 0x0000000084800000|100%|HS|  |TAMS 0x0000000084800000| PB 0x0000000084700000| Complete 
|  72|0x0000000084800000, 0x0000000084900000, 0x0000000084900000|100%|HS|  |TAMS 0x0000000084900000| PB 0x0000000084800000| Complete 
|  73|0x0000000084900000, 0x0000000084a00000, 0x0000000084a00000|100%|HS|  |TAMS 0x0000000084a00000| PB 0x0000000084900000| Complete 
|  74|0x0000000084a00000, 0x0000000084b00000, 0x0000000084b00000|100%|HS|  |TAMS 0x0000000084b00000| PB 0x0000000084a00000| Complete 
|  75|0x0000000084b00000, 0x0000000084c00000, 0x0000000084c00000|100%| O|  |TAMS 0x0000000084c00000| PB 0x0000000084b00000| Untracked 
|  76|0x0000000084c00000, 0x0000000084d00000, 0x0000000084d00000|100%|HS|  |TAMS 0x0000000084d00000| PB 0x0000000084c00000| Complete 
|  77|0x0000000084d00000, 0x0000000084e00000, 0x0000000084e00000|100%| O|  |TAMS 0x0000000084e00000| PB 0x0000000084d00000| Untracked 
|  78|0x0000000084e00000, 0x0000000084f00000, 0x0000000084f00000|100%| O|  |TAMS 0x0000000084f00000| PB 0x0000000084e00000| Untracked 
|  79|0x0000000084f00000, 0x0000000085000000, 0x0000000085000000|100%| O|  |TAMS 0x0000000085000000| PB 0x0000000084f00000| Untracked 
|  80|0x0000000085000000, 0x0000000085100000, 0x0000000085100000|100%| O|  |TAMS 0x0000000085100000| PB 0x0000000085000000| Untracked 
|  81|0x0000000085100000, 0x0000000085200000, 0x0000000085200000|100%| O|  |TAMS 0x0000000085200000| PB 0x0000000085100000| Untracked 
|  82|0x0000000085200000, 0x0000000085300000, 0x0000000085300000|100%| O|  |TAMS 0x0000000085300000| PB 0x0000000085200000| Untracked 
|  83|0x0000000085300000, 0x0000000085400000, 0x0000000085400000|100%| O|  |TAMS 0x0000000085400000| PB 0x0000000085300000| Untracked 
|  84|0x0000000085400000, 0x0000000085500000, 0x0000000085500000|100%| O|  |TAMS 0x0000000085500000| PB 0x0000000085400000| Untracked 
|  85|0x0000000085500000, 0x0000000085600000, 0x0000000085600000|100%| O|  |TAMS 0x0000000085500000| PB 0x0000000085500000| Untracked 
|  86|0x0000000085600000, 0x0000000085700000, 0x0000000085700000|100%| O|  |TAMS 0x0000000085700000| PB 0x0000000085600000| Untracked 
|  87|0x0000000085700000, 0x0000000085800000, 0x0000000085800000|100%| O|  |TAMS 0x0000000085800000| PB 0x0000000085700000| Untracked 
|  88|0x0000000085800000, 0x0000000085900000, 0x0000000085900000|100%| O|  |TAMS 0x0000000085900000| PB 0x0000000085800000| Untracked 
|  89|0x0000000085900000, 0x0000000085a00000, 0x0000000085a00000|100%|HS|  |TAMS 0x0000000085a00000| PB 0x0000000085900000| Complete 
|  90|0x0000000085a00000, 0x0000000085b00000, 0x0000000085b00000|100%|HC|  |TAMS 0x0000000085b00000| PB 0x0000000085a00000| Complete 
|  91|0x0000000085b00000, 0x0000000085c00000, 0x0000000085c00000|100%|HC|  |TAMS 0x0000000085c00000| PB 0x0000000085b00000| Complete 
|  92|0x0000000085c00000, 0x0000000085d00000, 0x0000000085d00000|100%|HC|  |TAMS 0x0000000085d00000| PB 0x0000000085c00000| Complete 
|  93|0x0000000085d00000, 0x0000000085e00000, 0x0000000085e00000|100%|HC|  |TAMS 0x0000000085e00000| PB 0x0000000085d00000| Complete 
|  94|0x0000000085e00000, 0x0000000085f00000, 0x0000000085f00000|100%|HC|  |TAMS 0x0000000085f00000| PB 0x0000000085e00000| Complete 
|  95|0x0000000085f00000, 0x0000000086000000, 0x0000000086000000|100%|HS|  |TAMS 0x0000000086000000| PB 0x0000000085f00000| Complete 
|  96|0x0000000086000000, 0x0000000086100000, 0x0000000086100000|100%| O|  |TAMS 0x0000000086100000| PB 0x0000000086000000| Untracked 
|  97|0x0000000086100000, 0x0000000086200000, 0x0000000086200000|100%| O|  |TAMS 0x0000000086200000| PB 0x0000000086100000| Untracked 
|  98|0x0000000086200000, 0x0000000086300000, 0x0000000086300000|100%| O|  |TAMS 0x0000000086300000| PB 0x0000000086200000| Untracked 
|  99|0x0000000086300000, 0x0000000086400000, 0x0000000086400000|100%|HS|  |TAMS 0x0000000086400000| PB 0x0000000086300000| Complete 
| 100|0x0000000086400000, 0x0000000086500000, 0x0000000086500000|100%| O|  |TAMS 0x0000000086500000| PB 0x0000000086400000| Untracked 
| 101|0x0000000086500000, 0x0000000086600000, 0x0000000086600000|100%| O|  |TAMS 0x0000000086600000| PB 0x0000000086500000| Untracked 
| 102|0x0000000086600000, 0x0000000086700000, 0x0000000086700000|100%| O|  |TAMS 0x0000000086700000| PB 0x0000000086600000| Untracked 
| 103|0x0000000086700000, 0x0000000086800000, 0x0000000086800000|100%| O|  |TAMS 0x0000000086800000| PB 0x0000000086700000| Untracked 
| 104|0x0000000086800000, 0x0000000086900000, 0x0000000086900000|100%| O|  |TAMS 0x0000000086900000| PB 0x0000000086800000| Untracked 
| 105|0x0000000086900000, 0x0000000086a00000, 0x0000000086a00000|100%| O|  |TAMS 0x0000000086a00000| PB 0x0000000086900000| Untracked 
| 106|0x0000000086a00000, 0x0000000086b00000, 0x0000000086b00000|100%| O|  |TAMS 0x0000000086b00000| PB 0x0000000086a00000| Untracked 
| 107|0x0000000086b00000, 0x0000000086c00000, 0x0000000086c00000|100%|HS|  |TAMS 0x0000000086c00000| PB 0x0000000086b00000| Complete 
| 108|0x0000000086c00000, 0x0000000086d00000, 0x0000000086d00000|100%|HC|  |TAMS 0x0000000086d00000| PB 0x0000000086c00000| Complete 
| 109|0x0000000086d00000, 0x0000000086e00000, 0x0000000086e00000|100%|HS|  |TAMS 0x0000000086e00000| PB 0x0000000086d00000| Complete 
| 110|0x0000000086e00000, 0x0000000086f00000, 0x0000000086f00000|100%|HC|  |TAMS 0x0000000086f00000| PB 0x0000000086e00000| Complete 
| 111|0x0000000086f00000, 0x0000000087000000, 0x0000000087000000|100%|HC|  |TAMS 0x0000000087000000| PB 0x0000000086f00000| Complete 
| 112|0x0000000087000000, 0x0000000087100000, 0x0000000087100000|100%|HC|  |TAMS 0x0000000087100000| PB 0x0000000087000000| Complete 
| 113|0x0000000087100000, 0x0000000087200000, 0x0000000087200000|100%|HC|  |TAMS 0x0000000087200000| PB 0x0000000087100000| Complete 
| 114|0x0000000087200000, 0x0000000087300000, 0x0000000087300000|100%|HC|  |TAMS 0x0000000087300000| PB 0x0000000087200000| Complete 
| 115|0x0000000087300000, 0x0000000087400000, 0x0000000087400000|100%|HS|  |TAMS 0x0000000087400000| PB 0x0000000087300000| Complete 
| 116|0x0000000087400000, 0x0000000087500000, 0x0000000087500000|100%|HC|  |TAMS 0x0000000087500000| PB 0x0000000087400000| Complete 
| 117|0x0000000087500000, 0x0000000087600000, 0x0000000087600000|100%|HC|  |TAMS 0x0000000087600000| PB 0x0000000087500000| Complete 
| 118|0x0000000087600000, 0x0000000087700000, 0x0000000087700000|100%|HC|  |TAMS 0x0000000087700000| PB 0x0000000087600000| Complete 
| 119|0x0000000087700000, 0x0000000087800000, 0x0000000087800000|100%|HS|  |TAMS 0x0000000087800000| PB 0x0000000087700000| Complete 
| 120|0x0000000087800000, 0x0000000087900000, 0x0000000087900000|100%|HC|  |TAMS 0x0000000087900000| PB 0x0000000087800000| Complete 
| 121|0x0000000087900000, 0x0000000087a00000, 0x0000000087a00000|100%| O|  |TAMS 0x0000000087a00000| PB 0x0000000087900000| Untracked 
| 122|0x0000000087a00000, 0x0000000087a00000, 0x0000000087b00000|  0%| F|  |TAMS 0x0000000087a00000| PB 0x0000000087a00000| Untracked 
| 123|0x0000000087b00000, 0x0000000087c00000, 0x0000000087c00000|100%| O|  |TAMS 0x0000000087c00000| PB 0x0000000087b00000| Untracked 
| 124|0x0000000087c00000, 0x0000000087d00000, 0x0000000087d00000|100%| O|  |TAMS 0x0000000087d00000| PB 0x0000000087c00000| Untracked 
| 125|0x0000000087d00000, 0x0000000087e00000, 0x0000000087e00000|100%| O|  |TAMS 0x0000000087e00000| PB 0x0000000087d00000| Untracked 
| 126|0x0000000087e00000, 0x0000000087f00000, 0x0000000087f00000|100%| O|  |TAMS 0x0000000087f00000| PB 0x0000000087e00000| Untracked 
| 127|0x0000000087f00000, 0x0000000088000000, 0x0000000088000000|100%| O|  |TAMS 0x0000000088000000| PB 0x0000000087f00000| Untracked 
| 128|0x0000000088000000, 0x0000000088100000, 0x0000000088100000|100%| O|  |TAMS 0x0000000088100000| PB 0x0000000088000000| Untracked 
| 129|0x0000000088100000, 0x0000000088200000, 0x0000000088200000|100%| O|  |TAMS 0x0000000088200000| PB 0x0000000088100000| Untracked 
| 130|0x0000000088200000, 0x0000000088300000, 0x0000000088300000|100%| O|  |TAMS 0x0000000088300000| PB 0x0000000088200000| Untracked 
| 131|0x0000000088300000, 0x0000000088400000, 0x0000000088400000|100%| O|  |TAMS 0x0000000088400000| PB 0x0000000088300000| Untracked 
| 132|0x0000000088400000, 0x0000000088500000, 0x0000000088500000|100%| O|  |TAMS 0x0000000088500000| PB 0x0000000088400000| Untracked 
| 133|0x0000000088500000, 0x0000000088600000, 0x0000000088600000|100%| O|  |TAMS 0x0000000088600000| PB 0x0000000088500000| Untracked 
| 134|0x0000000088600000, 0x0000000088700000, 0x0000000088700000|100%| O|  |TAMS 0x0000000088700000| PB 0x0000000088600000| Untracked 
| 135|0x0000000088700000, 0x0000000088800000, 0x0000000088800000|100%| O|  |TAMS 0x0000000088800000| PB 0x0000000088700000| Untracked 
| 136|0x0000000088800000, 0x0000000088900000, 0x0000000088900000|100%| O|  |TAMS 0x0000000088900000| PB 0x0000000088800000| Untracked 
| 137|0x0000000088900000, 0x0000000088a00000, 0x0000000088a00000|100%| O|  |TAMS 0x0000000088a00000| PB 0x0000000088900000| Untracked 
| 138|0x0000000088a00000, 0x0000000088b00000, 0x0000000088b00000|100%| O|  |TAMS 0x0000000088b00000| PB 0x0000000088a00000| Untracked 
| 139|0x0000000088b00000, 0x0000000088c00000, 0x0000000088c00000|100%| O|  |TAMS 0x0000000088c00000| PB 0x0000000088b00000| Untracked 
| 140|0x0000000088c00000, 0x0000000088d00000, 0x0000000088d00000|100%| O|  |TAMS 0x0000000088d00000| PB 0x0000000088c00000| Untracked 
| 141|0x0000000088d00000, 0x0000000088e00000, 0x0000000088e00000|100%| O|  |TAMS 0x0000000088e00000| PB 0x0000000088d00000| Untracked 
| 142|0x0000000088e00000, 0x0000000088f00000, 0x0000000088f00000|100%| O|  |TAMS 0x0000000088f00000| PB 0x0000000088e00000| Untracked 
| 143|0x0000000088f00000, 0x0000000088f00000, 0x0000000089000000|  0%| F|  |TAMS 0x0000000088f00000| PB 0x0000000088f00000| Untracked 
| 144|0x0000000089000000, 0x0000000089100000, 0x0000000089100000|100%| O|  |TAMS 0x0000000089100000| PB 0x0000000089000000| Untracked 
| 145|0x0000000089100000, 0x0000000089200000, 0x0000000089200000|100%| O|  |TAMS 0x0000000089200000| PB 0x0000000089100000| Untracked 
| 146|0x0000000089200000, 0x0000000089300000, 0x0000000089300000|100%| O|  |TAMS 0x0000000089300000| PB 0x0000000089200000| Untracked 
| 147|0x0000000089300000, 0x0000000089400000, 0x0000000089400000|100%| O|  |TAMS 0x0000000089400000| PB 0x0000000089300000| Untracked 
| 148|0x0000000089400000, 0x0000000089500000, 0x0000000089500000|100%| O|  |TAMS 0x0000000089500000| PB 0x0000000089400000| Untracked 
| 149|0x0000000089500000, 0x0000000089600000, 0x0000000089600000|100%| O|  |TAMS 0x0000000089600000| PB 0x0000000089500000| Untracked 
| 150|0x0000000089600000, 0x0000000089700000, 0x0000000089700000|100%| O|  |TAMS 0x0000000089700000| PB 0x0000000089600000| Untracked 
| 151|0x0000000089700000, 0x0000000089800000, 0x0000000089800000|100%| O|  |TAMS 0x00000000897fde90| PB 0x0000000089700000| Untracked 
| 152|0x0000000089800000, 0x0000000089800000, 0x0000000089900000|  0%| F|  |TAMS 0x0000000089800000| PB 0x0000000089800000| Untracked 
| 153|0x0000000089900000, 0x0000000089900000, 0x0000000089a00000|  0%| F|  |TAMS 0x0000000089900000| PB 0x0000000089900000| Untracked 
| 154|0x0000000089a00000, 0x0000000089a00000, 0x0000000089b00000|  0%| F|  |TAMS 0x0000000089a00000| PB 0x0000000089a00000| Untracked 
| 155|0x0000000089b00000, 0x0000000089b00000, 0x0000000089c00000|  0%| F|  |TAMS 0x0000000089b00000| PB 0x0000000089b00000| Untracked 
| 156|0x0000000089c00000, 0x0000000089c00000, 0x0000000089d00000|  0%| F|  |TAMS 0x0000000089c00000| PB 0x0000000089c00000| Untracked 
| 157|0x0000000089d00000, 0x0000000089d00000, 0x0000000089e00000|  0%| F|  |TAMS 0x0000000089d00000| PB 0x0000000089d00000| Untracked 
| 158|0x0000000089e00000, 0x0000000089e00000, 0x0000000089f00000|  0%| F|  |TAMS 0x0000000089e00000| PB 0x0000000089e00000| Untracked 
| 159|0x0000000089f00000, 0x0000000089f00000, 0x000000008a000000|  0%| F|  |TAMS 0x0000000089f00000| PB 0x0000000089f00000| Untracked 
| 160|0x000000008a000000, 0x000000008a000000, 0x000000008a100000|  0%| F|  |TAMS 0x000000008a000000| PB 0x000000008a000000| Untracked 
| 161|0x000000008a100000, 0x000000008a100000, 0x000000008a200000|  0%| F|  |TAMS 0x000000008a100000| PB 0x000000008a100000| Untracked 
| 162|0x000000008a200000, 0x000000008a200000, 0x000000008a300000|  0%| F|  |TAMS 0x000000008a200000| PB 0x000000008a200000| Untracked 
| 163|0x000000008a300000, 0x000000008a300000, 0x000000008a400000|  0%| F|  |TAMS 0x000000008a300000| PB 0x000000008a300000| Untracked 
| 164|0x000000008a400000, 0x000000008a400000, 0x000000008a500000|  0%| F|  |TAMS 0x000000008a400000| PB 0x000000008a400000| Untracked 
| 165|0x000000008a500000, 0x000000008a500000, 0x000000008a600000|  0%| F|  |TAMS 0x000000008a500000| PB 0x000000008a500000| Untracked 
| 166|0x000000008a600000, 0x000000008a600000, 0x000000008a700000|  0%| F|  |TAMS 0x000000008a600000| PB 0x000000008a600000| Untracked 
| 167|0x000000008a700000, 0x000000008a700000, 0x000000008a800000|  0%| F|  |TAMS 0x000000008a700000| PB 0x000000008a700000| Untracked 
| 168|0x000000008a800000, 0x000000008a800000, 0x000000008a900000|  0%| F|  |TAMS 0x000000008a800000| PB 0x000000008a800000| Untracked 
| 169|0x000000008a900000, 0x000000008a900000, 0x000000008aa00000|  0%| F|  |TAMS 0x000000008a900000| PB 0x000000008a900000| Untracked 
| 170|0x000000008aa00000, 0x000000008aa00000, 0x000000008ab00000|  0%| F|  |TAMS 0x000000008aa00000| PB 0x000000008aa00000| Untracked 
| 171|0x000000008ab00000, 0x000000008ab00000, 0x000000008ac00000|  0%| F|  |TAMS 0x000000008ab00000| PB 0x000000008ab00000| Untracked 
| 172|0x000000008ac00000, 0x000000008ac00000, 0x000000008ad00000|  0%| F|  |TAMS 0x000000008ac00000| PB 0x000000008ac00000| Untracked 
| 173|0x000000008ad00000, 0x000000008ad00000, 0x000000008ae00000|  0%| F|  |TAMS 0x000000008ad00000| PB 0x000000008ad00000| Untracked 
| 174|0x000000008ae00000, 0x000000008ae00000, 0x000000008af00000|  0%| F|  |TAMS 0x000000008ae00000| PB 0x000000008ae00000| Untracked 
| 175|0x000000008af00000, 0x000000008af00000, 0x000000008b000000|  0%| F|  |TAMS 0x000000008af00000| PB 0x000000008af00000| Untracked 
| 176|0x000000008b000000, 0x000000008b000000, 0x000000008b100000|  0%| F|  |TAMS 0x000000008b000000| PB 0x000000008b000000| Untracked 
| 177|0x000000008b100000, 0x000000008b100000, 0x000000008b200000|  0%| F|  |TAMS 0x000000008b100000| PB 0x000000008b100000| Untracked 
| 178|0x000000008b200000, 0x000000008b200000, 0x000000008b300000|  0%| F|  |TAMS 0x000000008b200000| PB 0x000000008b200000| Untracked 
| 179|0x000000008b300000, 0x000000008b300000, 0x000000008b400000|  0%| F|  |TAMS 0x000000008b300000| PB 0x000000008b300000| Untracked 
| 180|0x000000008b400000, 0x000000008b400000, 0x000000008b500000|  0%| F|  |TAMS 0x000000008b400000| PB 0x000000008b400000| Untracked 
| 181|0x000000008b500000, 0x000000008b500000, 0x000000008b600000|  0%| F|  |TAMS 0x000000008b500000| PB 0x000000008b500000| Untracked 
| 182|0x000000008b600000, 0x000000008b600000, 0x000000008b700000|  0%| F|  |TAMS 0x000000008b600000| PB 0x000000008b600000| Untracked 
| 183|0x000000008b700000, 0x000000008b700000, 0x000000008b800000|  0%| F|  |TAMS 0x000000008b700000| PB 0x000000008b700000| Untracked 
| 184|0x000000008b800000, 0x000000008b800000, 0x000000008b900000|  0%| F|  |TAMS 0x000000008b800000| PB 0x000000008b800000| Untracked 
| 185|0x000000008b900000, 0x000000008b900000, 0x000000008ba00000|  0%| F|  |TAMS 0x000000008b900000| PB 0x000000008b900000| Untracked 
| 186|0x000000008ba00000, 0x000000008ba00000, 0x000000008bb00000|  0%| F|  |TAMS 0x000000008ba00000| PB 0x000000008ba00000| Untracked 
| 187|0x000000008bb00000, 0x000000008bb00000, 0x000000008bc00000|  0%| F|  |TAMS 0x000000008bb00000| PB 0x000000008bb00000| Untracked 
| 188|0x000000008bc00000, 0x000000008bc00000, 0x000000008bd00000|  0%| F|  |TAMS 0x000000008bc00000| PB 0x000000008bc00000| Untracked 
| 189|0x000000008bd00000, 0x000000008bd00000, 0x000000008be00000|  0%| F|  |TAMS 0x000000008bd00000| PB 0x000000008bd00000| Untracked 
| 190|0x000000008be00000, 0x000000008be00000, 0x000000008bf00000|  0%| F|  |TAMS 0x000000008be00000| PB 0x000000008be00000| Untracked 
| 191|0x000000008bf00000, 0x000000008bf00000, 0x000000008c000000|  0%| F|  |TAMS 0x000000008bf00000| PB 0x000000008bf00000| Untracked 
| 192|0x000000008c000000, 0x000000008c000000, 0x000000008c100000|  0%| F|  |TAMS 0x000000008c000000| PB 0x000000008c000000| Untracked 
| 193|0x000000008c100000, 0x000000008c100000, 0x000000008c200000|  0%| F|  |TAMS 0x000000008c100000| PB 0x000000008c100000| Untracked 
| 194|0x000000008c200000, 0x000000008c200000, 0x000000008c300000|  0%| F|  |TAMS 0x000000008c200000| PB 0x000000008c200000| Untracked 
| 195|0x000000008c300000, 0x000000008c300000, 0x000000008c400000|  0%| F|  |TAMS 0x000000008c300000| PB 0x000000008c300000| Untracked 
| 196|0x000000008c400000, 0x000000008c400000, 0x000000008c500000|  0%| F|  |TAMS 0x000000008c400000| PB 0x000000008c400000| Untracked 
| 197|0x000000008c500000, 0x000000008c500000, 0x000000008c600000|  0%| F|  |TAMS 0x000000008c500000| PB 0x000000008c500000| Untracked 
| 198|0x000000008c600000, 0x000000008c600000, 0x000000008c700000|  0%| F|  |TAMS 0x000000008c600000| PB 0x000000008c600000| Untracked 
| 199|0x000000008c700000, 0x000000008c700000, 0x000000008c800000|  0%| F|  |TAMS 0x000000008c700000| PB 0x000000008c700000| Untracked 
| 200|0x000000008c800000, 0x000000008c800000, 0x000000008c900000|  0%| F|  |TAMS 0x000000008c800000| PB 0x000000008c800000| Untracked 
| 201|0x000000008c900000, 0x000000008c900000, 0x000000008ca00000|  0%| F|  |TAMS 0x000000008c900000| PB 0x000000008c900000| Untracked 
| 202|0x000000008ca00000, 0x000000008ca00000, 0x000000008cb00000|  0%| F|  |TAMS 0x000000008ca00000| PB 0x000000008ca00000| Untracked 
| 203|0x000000008cb00000, 0x000000008cb00000, 0x000000008cc00000|  0%| F|  |TAMS 0x000000008cb00000| PB 0x000000008cb00000| Untracked 
| 204|0x000000008cc00000, 0x000000008cc00000, 0x000000008cd00000|  0%| F|  |TAMS 0x000000008cc00000| PB 0x000000008cc00000| Untracked 
| 205|0x000000008cd00000, 0x000000008cd00000, 0x000000008ce00000|  0%| F|  |TAMS 0x000000008cd00000| PB 0x000000008cd00000| Untracked 
| 206|0x000000008ce00000, 0x000000008ce00000, 0x000000008cf00000|  0%| F|  |TAMS 0x000000008ce00000| PB 0x000000008ce00000| Untracked 
| 207|0x000000008cf00000, 0x000000008cf00000, 0x000000008d000000|  0%| F|  |TAMS 0x000000008cf00000| PB 0x000000008cf00000| Untracked 
| 208|0x000000008d000000, 0x000000008d000000, 0x000000008d100000|  0%| F|  |TAMS 0x000000008d000000| PB 0x000000008d000000| Untracked 
| 209|0x000000008d100000, 0x000000008d100000, 0x000000008d200000|  0%| F|  |TAMS 0x000000008d100000| PB 0x000000008d100000| Untracked 
| 210|0x000000008d200000, 0x000000008d200000, 0x000000008d300000|  0%| F|  |TAMS 0x000000008d200000| PB 0x000000008d200000| Untracked 
| 211|0x000000008d300000, 0x000000008d300000, 0x000000008d400000|  0%| F|  |TAMS 0x000000008d300000| PB 0x000000008d300000| Untracked 
| 212|0x000000008d400000, 0x000000008d400000, 0x000000008d500000|  0%| F|  |TAMS 0x000000008d400000| PB 0x000000008d400000| Untracked 
| 213|0x000000008d500000, 0x000000008d500000, 0x000000008d600000|  0%| F|  |TAMS 0x000000008d500000| PB 0x000000008d500000| Untracked 
| 214|0x000000008d600000, 0x000000008d600000, 0x000000008d700000|  0%| F|  |TAMS 0x000000008d600000| PB 0x000000008d600000| Untracked 
| 215|0x000000008d700000, 0x000000008d700000, 0x000000008d800000|  0%| F|  |TAMS 0x000000008d700000| PB 0x000000008d700000| Untracked 
| 216|0x000000008d800000, 0x000000008d800000, 0x000000008d900000|  0%| F|  |TAMS 0x000000008d800000| PB 0x000000008d800000| Untracked 
| 217|0x000000008d900000, 0x000000008d900000, 0x000000008da00000|  0%| F|  |TAMS 0x000000008d900000| PB 0x000000008d900000| Untracked 
| 218|0x000000008da00000, 0x000000008da00000, 0x000000008db00000|  0%| F|  |TAMS 0x000000008da00000| PB 0x000000008da00000| Untracked 
| 219|0x000000008db00000, 0x000000008db00000, 0x000000008dc00000|  0%| F|  |TAMS 0x000000008db00000| PB 0x000000008db00000| Untracked 
| 220|0x000000008dc00000, 0x000000008dc00000, 0x000000008dd00000|  0%| F|  |TAMS 0x000000008dc00000| PB 0x000000008dc00000| Untracked 
| 221|0x000000008dd00000, 0x000000008dd00000, 0x000000008de00000|  0%| F|  |TAMS 0x000000008dd00000| PB 0x000000008dd00000| Untracked 
| 222|0x000000008de00000, 0x000000008de00000, 0x000000008df00000|  0%| F|  |TAMS 0x000000008de00000| PB 0x000000008de00000| Untracked 
| 223|0x000000008df00000, 0x000000008df00000, 0x000000008e000000|  0%| F|  |TAMS 0x000000008df00000| PB 0x000000008df00000| Untracked 
| 224|0x000000008e000000, 0x000000008e000000, 0x000000008e100000|  0%| F|  |TAMS 0x000000008e000000| PB 0x000000008e000000| Untracked 
| 225|0x000000008e100000, 0x000000008e100000, 0x000000008e200000|  0%| F|  |TAMS 0x000000008e100000| PB 0x000000008e100000| Untracked 
| 226|0x000000008e200000, 0x000000008e200000, 0x000000008e300000|  0%| F|  |TAMS 0x000000008e200000| PB 0x000000008e200000| Untracked 
| 227|0x000000008e300000, 0x000000008e300000, 0x000000008e400000|  0%| F|  |TAMS 0x000000008e300000| PB 0x000000008e300000| Untracked 
| 228|0x000000008e400000, 0x000000008e400000, 0x000000008e500000|  0%| F|  |TAMS 0x000000008e400000| PB 0x000000008e400000| Untracked 
| 229|0x000000008e500000, 0x000000008e500000, 0x000000008e600000|  0%| F|  |TAMS 0x000000008e500000| PB 0x000000008e500000| Untracked 
| 230|0x000000008e600000, 0x000000008e600000, 0x000000008e700000|  0%| F|  |TAMS 0x000000008e600000| PB 0x000000008e600000| Untracked 
| 231|0x000000008e700000, 0x000000008e700000, 0x000000008e800000|  0%| F|  |TAMS 0x000000008e700000| PB 0x000000008e700000| Untracked 
| 232|0x000000008e800000, 0x000000008e800000, 0x000000008e900000|  0%| F|  |TAMS 0x000000008e800000| PB 0x000000008e800000| Untracked 
| 233|0x000000008e900000, 0x000000008e900000, 0x000000008ea00000|  0%| F|  |TAMS 0x000000008e900000| PB 0x000000008e900000| Untracked 
| 234|0x000000008ea00000, 0x000000008ea00000, 0x000000008eb00000|  0%| F|  |TAMS 0x000000008ea00000| PB 0x000000008ea00000| Untracked 
| 235|0x000000008eb00000, 0x000000008eb00000, 0x000000008ec00000|  0%| F|  |TAMS 0x000000008eb00000| PB 0x000000008eb00000| Untracked 
| 236|0x000000008ec00000, 0x000000008ec00000, 0x000000008ed00000|  0%| F|  |TAMS 0x000000008ec00000| PB 0x000000008ec00000| Untracked 
| 237|0x000000008ed00000, 0x000000008ed00000, 0x000000008ee00000|  0%| F|  |TAMS 0x000000008ed00000| PB 0x000000008ed00000| Untracked 
| 238|0x000000008ee00000, 0x000000008eec69e0, 0x000000008ef00000| 77%| S|CS|TAMS 0x000000008ee00000| PB 0x000000008ee00000| Complete 
| 239|0x000000008ef00000, 0x000000008ef00000, 0x000000008f000000|  0%| F|  |TAMS 0x000000008ef00000| PB 0x000000008ef00000| Untracked 
| 240|0x000000008f000000, 0x000000008f000000, 0x000000008f100000|  0%| F|  |TAMS 0x000000008f000000| PB 0x000000008f000000| Untracked 
| 241|0x000000008f100000, 0x000000008f100000, 0x000000008f200000|  0%| F|  |TAMS 0x000000008f100000| PB 0x000000008f100000| Untracked 
| 242|0x000000008f200000, 0x000000008f200000, 0x000000008f300000|  0%| F|  |TAMS 0x000000008f200000| PB 0x000000008f200000| Untracked 
| 243|0x000000008f300000, 0x000000008f3bc8c0, 0x000000008f400000| 73%| E|  |TAMS 0x000000008f300000| PB 0x000000008f300000| Complete 
| 244|0x000000008f400000, 0x000000008f500000, 0x000000008f500000|100%| E|CS|TAMS 0x000000008f400000| PB 0x000000008f400000| Complete 
| 245|0x000000008f500000, 0x000000008f600000, 0x000000008f600000|100%| E|CS|TAMS 0x000000008f500000| PB 0x000000008f500000| Complete 
| 246|0x000000008f600000, 0x000000008f700000, 0x000000008f700000|100%| E|CS|TAMS 0x000000008f600000| PB 0x000000008f600000| Complete 
| 247|0x000000008f700000, 0x000000008f800000, 0x000000008f800000|100%| E|CS|TAMS 0x000000008f700000| PB 0x000000008f700000| Complete 
|2041|0x00000000ff900000, 0x00000000ffa00000, 0x00000000ffa00000|100%| O|  |TAMS 0x00000000ffa00000| PB 0x00000000ff900000| Untracked 
|2042|0x00000000ffa00000, 0x00000000ffb00000, 0x00000000ffb00000|100%| E|CS|TAMS 0x00000000ffa00000| PB 0x00000000ffa00000| Complete 
|2043|0x00000000ffb00000, 0x00000000ffc00000, 0x00000000ffc00000|100%| O|  |TAMS 0x00000000ffc00000| PB 0x00000000ffb00000| Untracked 
|2044|0x00000000ffc00000, 0x00000000ffd00000, 0x00000000ffd00000|100%| E|CS|TAMS 0x00000000ffc00000| PB 0x00000000ffc00000| Complete 
|2045|0x00000000ffd00000, 0x00000000ffe00000, 0x00000000ffe00000|100%| E|CS|TAMS 0x00000000ffd00000| PB 0x00000000ffd00000| Complete 
|2046|0x00000000ffe00000, 0x00000000fff00000, 0x00000000fff00000|100%| O|  |TAMS 0x00000000fff00000| PB 0x00000000ffe00000| Untracked 
|2047|0x00000000fff00000, 0x0000000100000000, 0x0000000100000000|100%| O|  |TAMS 0x0000000100000000| PB 0x00000000fff00000| Untracked 

Card table byte_map: [0x00000275fdcd0000,0x00000275fe0d0000] _byte_map_base: 0x00000275fd8d0000

Marking Bits: (CMBitMap*) 0x00000275fd151d20
 Bits: [0x0000027592090000, 0x0000027594090000)

Polling page: 0x00000275fb6d0000

Metaspace:

Usage:
  Non-class:    109.46 MB used.
      Class:     17.25 MB used.
       Both:    126.71 MB used.

Virtual space:
  Non-class space:      128.00 MB reserved,     110.69 MB ( 86%) committed,  2 nodes.
      Class space:        1.00 GB reserved,      18.44 MB (  2%) committed,  1 nodes.
             Both:        1.12 GB reserved,     129.12 MB ( 11%) committed. 

Chunk freelists:
   Non-Class:  1.05 MB
       Class:  13.53 MB
        Both:  14.58 MB

MaxMetaspaceSize: unlimited
CompressedClassSpaceSize: 1.00 GB
Initial GC threshold: 21.00 MB
Current GC threshold: 200.00 MB
CDS: off
 - commit_granule_bytes: 65536.
 - commit_granule_words: 8192.
 - virtual_space_node_default_size: 8388608.
 - enlarge_chunks_in_place: 1.
 - use_allocation_guard: 0.


Internal statistics:

num_allocs_failed_limit: 3.
num_arena_births: 4586.
num_arena_deaths: 0.
num_vsnodes_births: 3.
num_vsnodes_deaths: 0.
num_space_committed: 2065.
num_space_uncommitted: 0.
num_chunks_returned_to_freelist: 3.
num_chunks_taken_from_freelist: 10236.
num_chunk_merges: 3.
num_chunk_splits: 6677.
num_chunks_enlarged: 4217.
num_inconsistent_stats: 0.

CodeHeap 'non-profiled nmethods': size=120000Kb used=7860Kb max_used=7860Kb free=112139Kb
 bounds [0x000002758ab60000, 0x000002758b310000, 0x0000027592090000]
CodeHeap 'profiled nmethods': size=120000Kb used=22553Kb max_used=22553Kb free=97447Kb
 bounds [0x0000027583090000, 0x00000275846a0000, 0x000002758a5c0000]
CodeHeap 'non-nmethods': size=5760Kb used=2966Kb max_used=2989Kb free=2793Kb
 bounds [0x000002758a5c0000, 0x000002758a8c0000, 0x000002758ab60000]
 total_blobs=13093 nmethods=12039 adapters=957
 compilation: enabled
              stopped_count=0, restarted_count=0
 full_count=0

Compilation events (20 events):
Event: 6857.948 Thread 0x00000275960e3ff0 14080       3       org.gradle.api.JavaVersion::isCompatibleWith (14 bytes)
Event: 6857.948 Thread 0x00000275960e3ff0 nmethod 14080 0x0000027584692490 code [0x0000027584692640, 0x00000275846927c8]
Event: 6857.948 Thread 0x00000275960e3ff0 14081       3       org.gradle.api.JavaVersion::current (21 bytes)
Event: 6857.949 Thread 0x00000275960e3ff0 nmethod 14081 0x0000027584692890 code [0x0000027584692a80, 0x0000027584692eb8]
Event: 6857.949 Thread 0x00000275960e3ff0 14082       3       org.gradle.api.JavaVersion::isJava9Compatible (8 bytes)
Event: 6857.949 Thread 0x00000275960e3ff0 nmethod 14082 0x0000027584693010 code [0x00000275846931c0, 0x00000275846933c0]
Event: 6857.949 Thread 0x00000275960e3ff0 14079       3       org.gradle.internal.serialize.StackTraceElementPlaceholder::<init> (88 bytes)
Event: 6857.949 Thread 0x00000275960e3ff0 nmethod 14079 0x0000027584693490 code [0x0000027584693700, 0x0000027584694148]
Event: 6857.954 Thread 0x00000275960e3ff0 14084       3       java.util.Collections$EmptyList::listIterator (4 bytes)
Event: 6857.954 Thread 0x00000275960e3ff0 nmethod 14084 0x0000027584694410 code [0x00000275846945c0, 0x0000027584694730]
Event: 6857.954 Thread 0x00000275960e3ff0 14085       3       java.util.Collections::emptyListIterator (4 bytes)
Event: 6857.954 Thread 0x00000275960e3ff0 nmethod 14085 0x0000027584694810 code [0x00000275846949a0, 0x0000027584694a98]
Event: 6857.956 Thread 0x00000275960e3ff0 14086       3       java.io.ObjectStreamField::getSignature (39 bytes)
Event: 6857.957 Thread 0x00000275960e3ff0 nmethod 14086 0x0000027584694b10 code [0x0000027584694ce0, 0x0000027584694f60]
Event: 6857.958 Thread 0x00000275960df3d0 nmethod 14071 0x000002758b30b710 code [0x000002758b30b8e0, 0x000002758b30c068]
Event: 6857.958 Thread 0x00000275960df3d0 14087       4       org.gradle.internal.io.StreamByteBuffer$StreamByteBufferOutputStream::write (115 bytes)
Event: 6857.969 Thread 0x00000275960df3d0 nmethod 14087 0x000002758b30c510 code [0x000002758b30c700, 0x000002758b30ce58]
Event: 6857.969 Thread 0x00000275960df3d0 14090   !   4       java.io.ObjectOutputStream::writeObject0 (620 bytes)
Event: 6858.032 Thread 0x00000275960e3ff0 14091       3       org.gradle.internal.service.DefaultServiceRegistry::noLongerMutable (15 bytes)
Event: 6858.033 Thread 0x00000275960e3ff0 nmethod 14091 0x0000027584695090 code [0x0000027584695340, 0x0000027584695fb8]

GC Heap History (20 events):
Event: 90.848 GC heap before
{Heap before GC invocations=44 (full 0):
 garbage-first heap   total 228352K, used 225412K [0x0000000080000000, 0x0000000100000000)
  region size 1024K, 97 young (99328K), 5 survivors (5120K)
 Metaspace       used 102378K, committed 104640K, reserved 1179648K
  class space    used 13960K, committed 15040K, reserved 1048576K
}
Event: 90.947 GC heap after
{Heap after GC invocations=45 (full 0):
 garbage-first heap   total 240640K, used 140966K [0x0000000080000000, 0x0000000100000000)
  region size 1024K, 13 young (13312K), 13 survivors (13312K)
 Metaspace       used 102378K, committed 104640K, reserved 1179648K
  class space    used 13960K, committed 15040K, reserved 1048576K
}
Event: 93.847 GC heap before
{Heap before GC invocations=45 (full 0):
 garbage-first heap   total 240640K, used 213670K [0x0000000080000000, 0x0000000100000000)
  region size 1024K, 84 young (86016K), 13 survivors (13312K)
 Metaspace       used 102379K, committed 104640K, reserved 1179648K
  class space    used 13960K, committed 15040K, reserved 1048576K
}
Event: 93.872 GC heap after
{Heap after GC invocations=46 (full 0):
 garbage-first heap   total 240640K, used 143541K [0x0000000080000000, 0x0000000100000000)
  region size 1024K, 6 young (6144K), 6 survivors (6144K)
 Metaspace       used 102379K, committed 104640K, reserved 1179648K
  class space    used 13960K, committed 15040K, reserved 1048576K
}
Event: 97.635 GC heap before
{Heap before GC invocations=46 (full 0):
 garbage-first heap   total 240640K, used 194741K [0x0000000080000000, 0x0000000100000000)
  region size 1024K, 58 young (59392K), 6 survivors (6144K)
 Metaspace       used 103388K, committed 105600K, reserved 1179648K
  class space    used 14052K, committed 15168K, reserved 1048576K
}
Event: 97.650 GC heap after
{Heap after GC invocations=47 (full 0):
 garbage-first heap   total 240640K, used 146613K [0x0000000080000000, 0x0000000100000000)
  region size 1024K, 9 young (9216K), 9 survivors (9216K)
 Metaspace       used 103388K, committed 105600K, reserved 1179648K
  class space    used 14052K, committed 15168K, reserved 1048576K
}
Event: 100.816 GC heap before
{Heap before GC invocations=48 (full 0):
 garbage-first heap   total 249856K, used 219317K [0x0000000080000000, 0x0000000100000000)
  region size 1024K, 78 young (79872K), 9 survivors (9216K)
 Metaspace       used 111399K, committed 113728K, reserved 1179648K
  class space    used 15104K, committed 16256K, reserved 1048576K
}
Event: 100.835 GC heap after
{Heap after GC invocations=49 (full 0):
 garbage-first heap   total 249856K, used 149283K [0x0000000080000000, 0x0000000100000000)
  region size 1024K, 8 young (8192K), 8 survivors (8192K)
 Metaspace       used 111399K, committed 113728K, reserved 1179648K
  class space    used 15104K, committed 16256K, reserved 1048576K
}
Event: 105.494 GC heap before
{Heap before GC invocations=49 (full 0):
 garbage-first heap   total 249856K, used 233251K [0x0000000080000000, 0x0000000100000000)
  region size 1024K, 85 young (87040K), 8 survivors (8192K)
 Metaspace       used 116232K, committed 118592K, reserved 1179648K
  class space    used 15567K, committed 16768K, reserved 1048576K
}
Event: 105.524 GC heap after
{Heap after GC invocations=50 (full 0):
 garbage-first heap   total 249856K, used 152092K [0x0000000080000000, 0x0000000100000000)
  region size 1024K, 10 young (10240K), 10 survivors (10240K)
 Metaspace       used 116232K, committed 118592K, reserved 1179648K
  class space    used 15567K, committed 16768K, reserved 1048576K
}
Event: 769.030 GC heap before
{Heap before GC invocations=50 (full 0):
 garbage-first heap   total 249856K, used 224796K [0x0000000080000000, 0x0000000100000000)
  region size 1024K, 82 young (83968K), 10 survivors (10240K)
 Metaspace       used 120377K, committed 122880K, reserved 1179648K
  class space    used 16077K, committed 17344K, reserved 1048576K
}
Event: 769.782 GC heap after
{Heap after GC invocations=51 (full 0):
 garbage-first heap   total 249856K, used 156082K [0x0000000080000000, 0x0000000100000000)
  region size 1024K, 5 young (5120K), 5 survivors (5120K)
 Metaspace       used 120377K, committed 122880K, reserved 1179648K
  class space    used 16077K, committed 17344K, reserved 1048576K
}
Event: 1129.227 GC heap before
{Heap before GC invocations=52 (full 0):
 garbage-first heap   total 261120K, used 162226K [0x0000000080000000, 0x0000000100000000)
  region size 1024K, 12 young (12288K), 5 survivors (5120K)
 Metaspace       used 120399K, committed 122880K, reserved 1179648K
  class space    used 16077K, committed 17344K, reserved 1048576K
}
Event: 1129.632 GC heap after
{Heap after GC invocations=53 (full 0):
 garbage-first heap   total 261120K, used 157411K [0x0000000080000000, 0x0000000100000000)
  region size 1024K, 1 young (1024K), 1 survivors (1024K)
 Metaspace       used 120399K, committed 122880K, reserved 1179648K
  class space    used 16077K, committed 17344K, reserved 1048576K
}
Event: 5567.239 GC heap before
{Heap before GC invocations=53 (full 0):
 garbage-first heap   total 261120K, used 244451K [0x0000000080000000, 0x0000000100000000)
  region size 1024K, 87 young (89088K), 1 survivors (1024K)
 Metaspace       used 120547K, committed 123008K, reserved 1179648K
  class space    used 16077K, committed 17344K, reserved 1048576K
}
Event: 5567.602 GC heap after
{Heap after GC invocations=54 (full 0):
 garbage-first heap   total 261120K, used 155894K [0x0000000080000000, 0x0000000100000000)
  region size 1024K, 1 young (1024K), 1 survivors (1024K)
 Metaspace       used 120547K, committed 123008K, reserved 1179648K
  class space    used 16077K, committed 17344K, reserved 1048576K
}
Event: 6857.183 GC heap before
{Heap before GC invocations=54 (full 0):
 garbage-first heap   total 261120K, used 239862K [0x0000000080000000, 0x0000000100000000)
  region size 1024K, 84 young (86016K), 1 survivors (1024K)
 Metaspace       used 127375K, committed 129792K, reserved 1179648K
  class space    used 17368K, committed 18560K, reserved 1048576K
}
Event: 6857.228 GC heap after
{Heap after GC invocations=55 (full 0):
 garbage-first heap   total 261120K, used 157691K [0x0000000080000000, 0x0000000100000000)
  region size 1024K, 3 young (3072K), 3 survivors (3072K)
 Metaspace       used 127375K, committed 129792K, reserved 1179648K
  class space    used 17368K, committed 18560K, reserved 1048576K
}
Event: 6857.674 GC heap before
{Heap before GC invocations=55 (full 0):
 garbage-first heap   total 261120K, used 169979K [0x0000000080000000, 0x0000000100000000)
  region size 1024K, 15 young (15360K), 3 survivors (3072K)
 Metaspace       used 129277K, committed 131712K, reserved 1179648K
  class space    used 17587K, committed 18816K, reserved 1048576K
}
Event: 6857.694 GC heap after
{Heap after GC invocations=56 (full 0):
 garbage-first heap   total 261120K, used 158490K [0x0000000080000000, 0x0000000100000000)
  region size 1024K, 1 young (1024K), 1 survivors (1024K)
 Metaspace       used 129277K, committed 131712K, reserved 1179648K
  class space    used 17587K, committed 18816K, reserved 1048576K
}

Dll operation events (3 events):
Event: 0.038 Loaded shared library C:\Program Files\Android\Android Studio\jbr\bin\java.dll
Event: 0.052 Loaded shared library C:\Program Files\Android\Android Studio\jbr\bin\zip.dll
Event: 1.924 Loaded shared library C:\Program Files\Android\Android Studio\jbr\bin\verify.dll

Deoptimization events (20 events):
Event: 6857.945 Thread 0x000002759d251ca0 DEOPT PACKING pc=0x000002758b226e0c sp=0x000000e8bc8fccf0
Event: 6857.945 Thread 0x000002759d251ca0 DEOPT UNPACKING pc=0x000002758a6146a2 sp=0x000000e8bc8fcc80 mode 2
Event: 6857.947 Thread 0x000002759d251ca0 DEOPT PACKING pc=0x000002758467a95b sp=0x000000e8bc8fcaa0
Event: 6857.947 Thread 0x000002759d251ca0 DEOPT UNPACKING pc=0x000002758a614e42 sp=0x000000e8bc8fbf68 mode 0
Event: 6857.949 Thread 0x000002759d251ca0 DEOPT PACKING pc=0x000002758467a95b sp=0x000000e8bc8fc950
Event: 6857.949 Thread 0x000002759d251ca0 DEOPT UNPACKING pc=0x000002758a614e42 sp=0x000000e8bc8fbe18 mode 0
Event: 6857.950 Thread 0x000002759d251ca0 DEOPT PACKING pc=0x000002758467a95b sp=0x000000e8bc8fc950
Event: 6857.950 Thread 0x000002759d251ca0 DEOPT UNPACKING pc=0x000002758a614e42 sp=0x000000e8bc8fbe18 mode 0
Event: 6857.954 Thread 0x000002759d251ca0 DEOPT PACKING pc=0x000002758467a95b sp=0x000000e8bc8fc770
Event: 6857.954 Thread 0x000002759d251ca0 DEOPT UNPACKING pc=0x000002758a614e42 sp=0x000000e8bc8fbc38 mode 0
Event: 6857.958 Thread 0x000002759d251ca0 DEOPT PACKING pc=0x000002758467a95b sp=0x000000e8bc8fb7b0
Event: 6857.958 Thread 0x000002759d251ca0 DEOPT UNPACKING pc=0x000002758a614e42 sp=0x000000e8bc8fac78 mode 0
Event: 6857.972 Thread 0x000002759d251ca0 Uncommon trap: trap_request=0xffffffc6 fr.pc=0x000002758b062660 relative=0x0000000000000860
Event: 6857.972 Thread 0x000002759d251ca0 Uncommon trap: reason=bimorphic_or_optimized_type_check action=maybe_recompile pc=0x000002758b062660 method=com.google.common.collect.AbstractIterator.tryToComputeNext()Z @ 9 c2
Event: 6857.972 Thread 0x000002759d251ca0 DEOPT PACKING pc=0x000002758b062660 sp=0x000000e8bc8fc710
Event: 6857.972 Thread 0x000002759d251ca0 DEOPT UNPACKING pc=0x000002758a6146a2 sp=0x000000e8bc8fc688 mode 2
Event: 6858.031 Thread 0x000002759d251ca0 Uncommon trap: trap_request=0xffffffc6 fr.pc=0x000002758b062660 relative=0x0000000000000860
Event: 6858.031 Thread 0x000002759d251ca0 Uncommon trap: reason=bimorphic_or_optimized_type_check action=maybe_recompile pc=0x000002758b062660 method=com.google.common.collect.AbstractIterator.tryToComputeNext()Z @ 9 c2
Event: 6858.031 Thread 0x000002759d251ca0 DEOPT PACKING pc=0x000002758b062660 sp=0x000000e8bc8fcd50
Event: 6858.031 Thread 0x000002759d251ca0 DEOPT UNPACKING pc=0x000002758a6146a2 sp=0x000000e8bc8fccc8 mode 2

Classes loaded (20 events):
Event: 6857.702 Loading class java/util/zip/DataFormatException
Event: 6857.703 Loading class java/util/zip/DataFormatException done
Event: 6857.739 Loading class java/io/PrintWriter$1
Event: 6857.740 Loading class jdk/internal/access/JavaIOPrintWriterAccess
Event: 6857.743 Loading class jdk/internal/access/JavaIOPrintWriterAccess done
Event: 6857.743 Loading class java/io/PrintWriter$1 done
Event: 6857.743 Loading class java/lang/Throwable$WrappedPrintWriter
Event: 6857.745 Loading class java/lang/Throwable$PrintStreamOrWriter
Event: 6857.746 Loading class java/lang/Throwable$PrintStreamOrWriter done
Event: 6857.746 Loading class java/lang/Throwable$WrappedPrintWriter done
Event: 6857.786 Loading class java/time/Ser
Event: 6857.788 Loading class java/time/Ser done
Event: 6857.807 Loading class java/util/logging/LogRecord
Event: 6857.810 Loading class java/util/logging/LogRecord done
Event: 6857.951 Loading class java/io/ObjectOutputStream$PutFieldImpl
Event: 6857.952 Loading class java/io/ObjectOutputStream$PutField
Event: 6857.952 Loading class java/io/ObjectOutputStream$PutField done
Event: 6857.952 Loading class java/io/ObjectOutputStream$PutFieldImpl done
Event: 6857.952 Loading class java/util/Collections$EmptyListIterator
Event: 6857.954 Loading class java/util/Collections$EmptyListIterator done

Classes unloaded (0 events):
No events

Classes redefined (0 events):
No events

Internal exceptions (20 events):
Event: 6849.542 Thread 0x000002759d251ca0 Exception <a 'sun/nio/fs/WindowsException'{0x000000008dea9a48}> (0x000000008dea9a48) 
thrown [s\src\hotspot\share\prims\jni.cpp, line 535]
Event: 6849.544 Thread 0x000002759d251ca0 Exception <a 'sun/nio/fs/WindowsException'{0x000000008deaab10}> (0x000000008deaab10) 
thrown [s\src\hotspot\share\prims\jni.cpp, line 535]
Event: 6851.514 Thread 0x000002759d254a90 Exception <a 'java/lang/NoSuchMethodError'{0x000000008e16d8e8}: static Lorg/gradle/internal/build/event/types/DefaultProjectConfigurationDescriptor;.<clinit>()V> (0x000000008e16d8e8) 
thrown [s\src\hotspot\share\prims\jni.cpp, line 1135]
Event: 6852.757 Thread 0x000002759d251ca0 Exception <a 'java/lang/IncompatibleClassChangeError'{0x000000008c900cf8}: Found class java.lang.Object, but interface was expected> (0x000000008c900cf8) 
thrown [s\src\hotspot\share\interpreter\linkResolver.cpp, line 851]
Event: 6856.216 Thread 0x000002759d251ca0 Exception <a 'java/lang/NoSuchMethodError'{0x000000008bc735e8}: 'java.lang.Object java.lang.invoke.DirectMethodHandle$Holder.invokeStaticInit(java.lang.Object, int)'> (0x000000008bc735e8) 
thrown [s\src\hotspot\share\interpreter\linkResolver.cpp, line 784]
Event: 6857.139 Thread 0x000002759d251ca0 Exception <a 'sun/nio/fs/WindowsException'{0x000000008a9f97b0}> (0x000000008a9f97b0) 
thrown [s\src\hotspot\share\prims\jni.cpp, line 535]
Event: 6857.139 Thread 0x000002759d251ca0 Exception <a 'sun/nio/fs/WindowsException'{0x000000008a9fb2f8}> (0x000000008a9fb2f8) 
thrown [s\src\hotspot\share\prims\jni.cpp, line 535]
Event: 6857.422 Thread 0x000002759d251ca0 Exception <a 'sun/nio/fs/WindowsException'{0x000000008f56e378}> (0x000000008f56e378) 
thrown [s\src\hotspot\share\prims\jni.cpp, line 535]
Event: 6857.574 Thread 0x000002759d251ca0 Exception <a 'java/lang/NoSuchMethodError'{0x000000008f17b558}: 'long java.lang.invoke.DirectMethodHandle$Holder.invokeStatic(java.lang.Object)'> (0x000000008f17b558) 
thrown [s\src\hotspot\share\interpreter\linkResolver.cpp, line 784]
Event: 6857.575 Thread 0x000002759d251ca0 Exception <a 'java/lang/NoSuchMethodError'{0x000000008f17fe38}: 'long java.lang.invoke.DirectMethodHandle$Holder.invokeStaticInit(java.lang.Object)'> (0x000000008f17fe38) 
thrown [s\src\hotspot\share\interpreter\linkResolver.cpp, line 784]
Event: 6857.702 Thread 0x000002759d251ca0 Exception <a 'java/io/IOException'{0x00000000ffd191a8}> (0x00000000ffd191a8) 
thrown [s\src\hotspot\share\prims\jni.cpp, line 535]
Event: 6857.705 Thread 0x000002759d251ca0 Exception <a 'java/lang/NoClassDefFoundError'{0x00000000ffd1e5e0}: org/jetbrains/kotlin/com/intellij/openapi/util/UserDataHolderUnprotected> (0x00000000ffd1e5e0) 
thrown [s\src\hotspot\share\classfile\systemDictionary.cpp, line 301]
Event: 6857.725 Thread 0x000002759d251ca0 Exception <a 'java/lang/NoSuchMethodError'{0x00000000ffd38018}: 'long java.lang.invoke.DirectMethodHandle$Holder.invokeVirtual(java.lang.Object, java.lang.Object)'> (0x00000000ffd38018) 
thrown [s\src\hotspot\share\interpreter\linkResolver.cpp, line 784]
Event: 6857.779 Thread 0x000002759d254a90 Exception <a 'java/lang/NoSuchMethodError'{0x00000000ffc71658}: static Lorg/gradle/internal/build/event/types/DefaultProjectConfigurationFailureResult;.<clinit>()V> (0x00000000ffc71658) 
thrown [s\src\hotspot\share\prims\jni.cpp, line 1135]
Event: 6857.779 Thread 0x000002759d254a90 Exception <a 'java/lang/NoSuchMethodError'{0x00000000ffc728d8}: static Lorg/gradle/internal/build/event/types/AbstractProjectConfigurationResult;.<clinit>()V> (0x00000000ffc728d8) 
thrown [s\src\hotspot\share\prims\jni.cpp, line 1135]
Event: 6857.781 Thread 0x000002759d254a90 Exception <a 'java/lang/NoSuchMethodError'{0x00000000ffc7cac0}: static Lorg/gradle/internal/build/event/types/DefaultPluginApplicationResult;.<clinit>()V> (0x00000000ffc7cac0) 
thrown [s\src\hotspot\share\prims\jni.cpp, line 1135]
Event: 6857.782 Thread 0x000002759d254a90 Exception <a 'java/lang/NoSuchMethodError'{0x00000000ffcb1648}: static Lorg/gradle/internal/build/event/types/DefaultBinaryPluginIdentifier;.<clinit>()V> (0x00000000ffcb1648) 
thrown [s\src\hotspot\share\prims\jni.cpp, line 1135]
Event: 6857.790 Thread 0x000002759d254a90 Exception <a 'java/lang/NoSuchMethodError'{0x00000000ffcc8010}: static Lorg/gradle/internal/build/event/types/DefaultScriptPluginIdentifier;.<clinit>()V> (0x00000000ffcc8010) 
thrown [s\src\hotspot\share\prims\jni.cpp, line 1135]
Event: 6857.792 Thread 0x000002759d254a90 Exception <a 'java/lang/NoSuchMethodError'{0x00000000ffcd28c0}: static Lorg/gradle/internal/build/event/types/DefaultFailure;.<clinit>()V> (0x00000000ffcd28c0) 
thrown [s\src\hotspot\share\prims\jni.cpp, line 1135]
Event: 6857.825 Thread 0x000002759d251ca0 Exception <a 'java/lang/NoSuchMethodError'{0x00000000ffa28200}: 'void java.lang.invoke.DirectMethodHandle$Holder.invokeStatic(java.lang.Object, int, java.lang.Object)'> (0x00000000ffa28200) 
thrown [s\src\hotspot\share\interpreter\linkResolver.cpp, line 784]

ZGC Phase Switch (0 events):
No events

VM Operations (20 events):
Event: 6852.191 Executing VM operation: HandshakeAllThreads (Deoptimize)
Event: 6852.191 Executing VM operation: HandshakeAllThreads (Deoptimize) done
Event: 6852.562 Executing VM operation: HandshakeAllThreads (Deoptimize)
Event: 6852.563 Executing VM operation: HandshakeAllThreads (Deoptimize) done
Event: 6852.563 Executing VM operation: Cleanup
Event: 6852.589 Executing VM operation: Cleanup done
Event: 6854.607 Executing VM operation: Cleanup
Event: 6854.638 Executing VM operation: Cleanup done
Event: 6856.003 Executing VM operation: HandshakeAllThreads (Deoptimize)
Event: 6856.003 Executing VM operation: HandshakeAllThreads (Deoptimize) done
Event: 6856.003 Executing VM operation: Cleanup
Event: 6856.003 Executing VM operation: Cleanup done
Event: 6856.208 Executing VM operation: HandshakeAllThreads (Deoptimize)
Event: 6856.208 Executing VM operation: HandshakeAllThreads (Deoptimize) done
Event: 6857.181 Executing VM operation: G1CollectForAllocation (G1 Evacuation Pause)
Event: 6857.228 Executing VM operation: G1CollectForAllocation (G1 Evacuation Pause) done
Event: 6857.604 Executing VM operation: HandshakeAllThreads (Deoptimize)
Event: 6857.604 Executing VM operation: HandshakeAllThreads (Deoptimize) done
Event: 6857.674 Executing VM operation: G1CollectForAllocation (G1 Evacuation Pause)
Event: 6857.694 Executing VM operation: G1CollectForAllocation (G1 Evacuation Pause) done

Memory protections (0 events):
No events

Nmethod flushes (20 events):
Event: 772.867 Thread 0x00000275fe6975f0 flushing  nmethod 0x0000027583760610
Event: 772.868 Thread 0x00000275fe6975f0 flushing  nmethod 0x00000275837a7b90
Event: 772.869 Thread 0x00000275fe6975f0 flushing  nmethod 0x00000275839bd510
Event: 772.869 Thread 0x00000275fe6975f0 flushing  nmethod 0x00000275839bdd90
Event: 772.869 Thread 0x00000275fe6975f0 flushing  nmethod 0x00000275839e1910
Event: 772.869 Thread 0x00000275fe6975f0 flushing  nmethod 0x00000275839e5890
Event: 772.869 Thread 0x00000275fe6975f0 flushing  nmethod 0x00000275839e6390
Event: 772.869 Thread 0x00000275fe6975f0 flushing  nmethod 0x0000027583a13a90
Event: 772.869 Thread 0x00000275fe6975f0 flushing  nmethod 0x0000027583a13f90
Event: 772.869 Thread 0x00000275fe6975f0 flushing  nmethod 0x0000027583a16410
Event: 772.869 Thread 0x00000275fe6975f0 flushing  nmethod 0x0000027583a16e90
Event: 772.870 Thread 0x00000275fe6975f0 flushing  nmethod 0x0000027583a18e90
Event: 772.870 Thread 0x00000275fe6975f0 flushing  nmethod 0x0000027583c92710
Event: 772.870 Thread 0x00000275fe6975f0 flushing  nmethod 0x0000027583cb7e90
Event: 772.871 Thread 0x00000275fe6975f0 flushing  nmethod 0x0000027583cbe790
Event: 772.871 Thread 0x00000275fe6975f0 flushing  nmethod 0x0000027583d0a910
Event: 772.871 Thread 0x00000275fe6975f0 flushing  nmethod 0x0000027583e0d790
Event: 772.871 Thread 0x00000275fe6975f0 flushing  nmethod 0x00000275841de510
Event: 772.871 Thread 0x00000275fe6975f0 flushing  nmethod 0x00000275841f1490
Event: 772.871 Thread 0x00000275fe6975f0 flushing  nmethod 0x00000275841fc010

Events (20 events):
Event: 172.279 Thread 0x000002759b49e9d0 Thread exited: 0x000002759b49e9d0
Event: 6844.585 Thread 0x000002759b4ff280 Thread added: 0x000002759d2536e0
Event: 6844.675 Thread 0x000002759d2536e0 Thread added: 0x000002759d253d70
Event: 6845.374 Thread 0x000002759d2536e0 Thread added: 0x000002759d254400
Event: 6845.955 Thread 0x000002759d2536e0 Thread added: 0x000002759d251ca0
Event: 6846.244 Thread 0x000002759d251ca0 Thread added: 0x000002759d250f80
Event: 6847.186 Thread 0x000002759d251ca0 Thread added: 0x000002759d252330
Event: 6847.195 Thread 0x000002759d251ca0 Thread added: 0x000002759d254a90
Event: 6848.266 Thread 0x000002759d251ca0 Thread added: 0x000002759d251610
Event: 6848.330 Thread 0x000002759d251ca0 Thread added: 0x000002759d257f10
Event: 6849.350 Thread 0x000002759d251ca0 Thread added: 0x000002759d2564d0
Event: 6849.429 Thread 0x000002759d251ca0 Thread added: 0x000002759d256b60
Event: 6849.455 Thread 0x000002759d251ca0 Thread added: 0x000002759d2571f0
Event: 6854.441 Thread 0x000002759d251ca0 Thread added: 0x000002759d257880
Event: 6857.907 Thread 0x000002759d2571f0 Thread exited: 0x000002759d2571f0
Event: 6857.908 Thread 0x000002759d257f10 Thread exited: 0x000002759d257f10
Event: 6857.909 Thread 0x000002759d257880 Thread exited: 0x000002759d257880
Event: 6857.909 Thread 0x000002759d256b60 Thread exited: 0x000002759d256b60
Event: 6857.960 Thread 0x000002759d251610 Thread exited: 0x000002759d251610
Event: 6857.961 Thread 0x000002759d2564d0 Thread exited: 0x000002759d2564d0


Dynamic libraries:
0x00007ff68e840000 - 0x00007ff68e84a000 	C:\Program Files\Android\Android Studio\jbr\bin\java.exe
0x00007ffdf3680000 - 0x00007ffdf38e0000 	C:\WINDOWS\SYSTEM32\ntdll.dll
0x00007ffdf2430000 - 0x00007ffdf24f7000 	C:\WINDOWS\System32\KERNEL32.DLL
0x00007ffdf0860000 - 0x00007ffdf0c2a000 	C:\WINDOWS\System32\KERNELBASE.dll
0x00007ffdf0c30000 - 0x00007ffdf0d7b000 	C:\WINDOWS\System32\ucrtbase.dll
0x00007ffdd9490000 - 0x00007ffdd94ab000 	C:\Program Files\Android\Android Studio\jbr\bin\VCRUNTIME140.dll
0x00007ffddad60000 - 0x00007ffddad78000 	C:\Program Files\Android\Android Studio\jbr\bin\jli.dll
0x00007ffdf2500000 - 0x00007ffdf26cc000 	C:\WINDOWS\System32\USER32.dll
0x00007ffdf0eb0000 - 0x00007ffdf0ed7000 	C:\WINDOWS\System32\win32u.dll
0x00007ffdf20c0000 - 0x00007ffdf20ea000 	C:\WINDOWS\System32\GDI32.dll
0x00007ffddbf40000 - 0x00007ffddc1d7000 	C:\WINDOWS\WinSxS\amd64_microsoft.windows.common-controls_6595b64144ccf1df_6.0.26100.3624_none_3e086962e3345f24\COMCTL32.dll
0x00007ffdf1050000 - 0x00007ffdf1181000 	C:\WINDOWS\System32\gdi32full.dll
0x00007ffdf2d00000 - 0x00007ffdf2da9000 	C:\WINDOWS\System32\msvcrt.dll
0x00007ffdf0fa0000 - 0x00007ffdf1043000 	C:\WINDOWS\System32\msvcp_win.dll
0x00007ffdf26d0000 - 0x00007ffdf26ff000 	C:\WINDOWS\System32\IMM32.DLL
0x00007ffde79c0000 - 0x00007ffde79cc000 	C:\Program Files\Android\Android Studio\jbr\bin\vcruntime140_1.dll
0x00007ffdc1e30000 - 0x00007ffdc1ebd000 	C:\Program Files\Android\Android Studio\jbr\bin\msvcp140.dll
0x00007ffd8ebb0000 - 0x00007ffd8f83b000 	C:\Program Files\Android\Android Studio\jbr\bin\server\jvm.dll
0x00007ffdf1b90000 - 0x00007ffdf1c42000 	C:\WINDOWS\System32\ADVAPI32.dll
0x00007ffdf2dd0000 - 0x00007ffdf2e76000 	C:\WINDOWS\System32\sechost.dll
0x00007ffdf2bb0000 - 0x00007ffdf2cc6000 	C:\WINDOWS\System32\RPCRT4.dll
0x00007ffdf19c0000 - 0x00007ffdf1a34000 	C:\WINDOWS\System32\WS2_32.dll
0x00007ffde9d70000 - 0x00007ffde9da6000 	C:\WINDOWS\SYSTEM32\WINMM.dll
0x00007ffde9db0000 - 0x00007ffde9dbb000 	C:\WINDOWS\SYSTEM32\VERSION.dll
0x00007ffdf06b0000 - 0x00007ffdf070e000 	C:\WINDOWS\SYSTEM32\POWRPROF.dll
0x00007ffdf0690000 - 0x00007ffdf06a4000 	C:\WINDOWS\SYSTEM32\UMPDC.dll
0x00007ffdef670000 - 0x00007ffdef68a000 	C:\WINDOWS\SYSTEM32\kernel.appcore.dll
0x00007ffdd9cc0000 - 0x00007ffdd9cca000 	C:\Program Files\Android\Android Studio\jbr\bin\jimage.dll
0x00007ffde3620000 - 0x00007ffde3861000 	C:\WINDOWS\SYSTEM32\DBGHELP.DLL
0x00007ffdf2820000 - 0x00007ffdf2ba2000 	C:\WINDOWS\System32\combase.dll
0x00007ffdf1c50000 - 0x00007ffdf1d26000 	C:\WINDOWS\System32\OLEAUT32.dll
0x00007ffdd4ef0000 - 0x00007ffdd4f29000 	C:\WINDOWS\SYSTEM32\dbgcore.DLL
0x00007ffdf0d80000 - 0x00007ffdf0e19000 	C:\WINDOWS\System32\bcryptPrimitives.dll
0x00007ffde5250000 - 0x00007ffde525e000 	C:\Program Files\Android\Android Studio\jbr\bin\instrument.dll
0x00007ffdd7840000 - 0x00007ffdd7860000 	C:\Program Files\Android\Android Studio\jbr\bin\java.dll
0x00007ffdd37e0000 - 0x00007ffdd37f8000 	C:\Program Files\Android\Android Studio\jbr\bin\zip.dll
0x00007ffdf2f10000 - 0x00007ffdf3639000 	C:\WINDOWS\System32\SHELL32.dll
0x00007ffdf1190000 - 0x00007ffdf12f8000 	C:\WINDOWS\System32\wintypes.dll
0x00007ffdee540000 - 0x00007ffdeed92000 	C:\WINDOWS\SYSTEM32\windows.storage.dll
0x00007ffdf1a40000 - 0x00007ffdf1b2d000 	C:\WINDOWS\System32\SHCORE.dll
0x00007ffdf2790000 - 0x00007ffdf27f4000 	C:\WINDOWS\System32\shlwapi.dll
0x00007ffdf0770000 - 0x00007ffdf079f000 	C:\WINDOWS\SYSTEM32\profapi.dll
0x00007ffdd9a10000 - 0x00007ffdd9a20000 	C:\Program Files\Android\Android Studio\jbr\bin\net.dll
0x00007ffde72c0000 - 0x00007ffde73dd000 	C:\WINDOWS\SYSTEM32\WINHTTP.dll
0x00007ffdefb90000 - 0x00007ffdefbfa000 	C:\WINDOWS\system32\mswsock.dll
0x00007ffdd0fb0000 - 0x00007ffdd0fc6000 	C:\Program Files\Android\Android Studio\jbr\bin\nio.dll
0x00007ffdd7310000 - 0x00007ffdd7320000 	C:\Program Files\Android\Android Studio\jbr\bin\verify.dll
0x00007ffddcb70000 - 0x00007ffddcb97000 	C:\Users\keabe\.gradle\native\c067742578af261105cb4f569cf0c3c89f3d7b1fecec35dd04571415982c5e48\windows-amd64\native-platform.dll
0x00007ffdc2b90000 - 0x00007ffdc2cd4000 	C:\Users\keabe\.gradle\native\100fb08df4bc3b14c8652ba06237920a3bd2aa13389f12d3474272988ae205f9\windows-amd64\native-platform-file-events.dll
0x00007ffdd7830000 - 0x00007ffdd7839000 	C:\Program Files\Android\Android Studio\jbr\bin\management.dll
0x00007ffdd74c0000 - 0x00007ffdd74cb000 	C:\Program Files\Android\Android Studio\jbr\bin\management_ext.dll
0x00007ffdf2240000 - 0x00007ffdf2248000 	C:\WINDOWS\System32\PSAPI.DLL
0x00007ffdefe30000 - 0x00007ffdefe4c000 	C:\WINDOWS\SYSTEM32\CRYPTSP.dll
0x00007ffdef5d0000 - 0x00007ffdef60a000 	C:\WINDOWS\system32\rsaenh.dll
0x00007ffdefc30000 - 0x00007ffdefc5b000 	C:\WINDOWS\SYSTEM32\USERENV.dll
0x00007ffdf0740000 - 0x00007ffdf0766000 	C:\WINDOWS\SYSTEM32\bcrypt.dll
0x00007ffdefe50000 - 0x00007ffdefe5c000 	C:\WINDOWS\SYSTEM32\CRYPTBASE.dll
0x00007ffdef0a0000 - 0x00007ffdef0d3000 	C:\WINDOWS\SYSTEM32\IPHLPAPI.DLL
0x00007ffdf1f10000 - 0x00007ffdf1f1a000 	C:\WINDOWS\System32\NSI.dll
0x00007ffdd7930000 - 0x00007ffdd7939000 	C:\Program Files\Android\Android Studio\jbr\bin\extnet.dll
0x00007ffdd9320000 - 0x00007ffdd9328000 	C:\WINDOWS\system32\wshunix.dll

dbghelp: loaded successfully - version: 4.0.5 - missing functions: none
symbol engine: initialized successfully - sym options: 0x614 - pdb path: .;C:\Program Files\Android\Android Studio\jbr\bin;C:\WINDOWS\SYSTEM32;C:\WINDOWS\WinSxS\amd64_microsoft.windows.common-controls_6595b64144ccf1df_6.0.26100.3624_none_3e086962e3345f24;C:\Program Files\Android\Android Studio\jbr\bin\server;C:\Users\keabe\.gradle\native\c067742578af261105cb4f569cf0c3c89f3d7b1fecec35dd04571415982c5e48\windows-amd64;C:\Users\keabe\.gradle\native\100fb08df4bc3b14c8652ba06237920a3bd2aa13389f12d3474272988ae205f9\windows-amd64

VM Arguments:
jvm_args: --add-opens=java.base/java.lang=ALL-UNNAMED --add-opens=java.base/java.lang.invoke=ALL-UNNAMED --add-opens=java.base/java.util=ALL-UNNAMED --add-opens=java.prefs/java.util.prefs=ALL-UNNAMED --add-exports=jdk.compiler/com.sun.tools.javac.api=ALL-UNNAMED --add-exports=jdk.compiler/com.sun.tools.javac.util=ALL-UNNAMED --add-opens=java.base/java.util=ALL-UNNAMED --add-opens=java.prefs/java.util.prefs=ALL-UNNAMED --add-opens=java.base/java.nio.charset=ALL-UNNAMED --add-opens=java.base/java.net=ALL-UNNAMED --add-opens=java.base/java.util.concurrent.atomic=ALL-UNNAMED --add-opens=java.xml/javax.xml.namespace=ALL-UNNAMED -Xmx2048m -Dfile.encoding=UTF-8 -Duser.country=ZA -Duser.language=en -Duser.variant -javaagent:C:\Users\keabe\.gradle\wrapper\dists\gradle-8.11.1-bin\bpt9gzteqjrbo1mjrsomdt32c\gradle-8.11.1\lib\agents\gradle-instrumentation-agent-8.11.1.jar 
java_command: org.gradle.launcher.daemon.bootstrap.GradleDaemon 8.11.1
java_class_path (initial): C:\Users\keabe\.gradle\wrapper\dists\gradle-8.11.1-bin\bpt9gzteqjrbo1mjrsomdt32c\gradle-8.11.1\lib\gradle-daemon-main-8.11.1.jar
Launcher Type: SUN_STANDARD

[Global flags]
     intx CICompilerCount                          = 3                                         {product} {ergonomic}
     uint ConcGCThreads                            = 1                                         {product} {ergonomic}
     uint G1ConcRefinementThreads                  = 4                                         {product} {ergonomic}
   size_t G1HeapRegionSize                         = 1048576                                   {product} {ergonomic}
    uintx GCDrainStackTargetSize                   = 64                                        {product} {ergonomic}
   size_t InitialHeapSize                          = 58720256                                  {product} {ergonomic}
   size_t MarkStackSize                            = 4194304                                   {product} {ergonomic}
   size_t MaxHeapSize                              = 2147483648                                {product} {command line}
   size_t MaxNewSize                               = 1287651328                                {product} {ergonomic}
   size_t MinHeapDeltaBytes                        = 1048576                                   {product} {ergonomic}
   size_t MinHeapSize                              = 8388608                                   {product} {ergonomic}
    uintx NonNMethodCodeHeapSize                   = 5832780                                {pd product} {ergonomic}
    uintx NonProfiledCodeHeapSize                  = 122912730                              {pd product} {ergonomic}
    uintx ProfiledCodeHeapSize                     = 122912730                              {pd product} {ergonomic}
    uintx ReservedCodeCacheSize                    = 251658240                              {pd product} {ergonomic}
     bool SegmentedCodeCache                       = true                                      {product} {ergonomic}
   size_t SoftMaxHeapSize                          = 2147483648                             {manageable} {ergonomic}
     bool UseCompressedOops                        = true                           {product lp64_product} {ergonomic}
     bool UseG1GC                                  = true                                      {product} {ergonomic}
     bool UseLargePagesIndividualAllocation        = false                                  {pd product} {ergonomic}

Logging:
Log output configuration:
 #0: stdout all=warning uptime,level,tags foldmultilines=false
 #1: stderr all=off uptime,level,tags foldmultilines=false

Environment Variables:
PATH=C:\WINDOWS\system32;C:\WINDOWS;C:\WINDOWS\System32\Wbem;C:\WINDOWS\System32\WindowsPowerShell\v1.0\;C:\WINDOWS\System32\OpenSSH\;C:\Program Files\Git\cmd;C:\Program Files\nodejs\;C:\Users\keabe\AppData\Local\Microsoft\WindowsApps;C:\Users\keabe\AppData\Local\Programs\Microsoft VS Code\bin;C:\Users\keabe\AppData\Roaming\npm
USERNAME=keabe
OS=Windows_NT
PROCESSOR_IDENTIFIER=AMD64 Family 23 Model 24 Stepping 1, AuthenticAMD
TMP=C:\Users\keabe\AppData\Local\Temp
TEMP=C:\Users\keabe\AppData\Local\Temp




Periodic native trim disabled

JNI global refs:
JNI global refs: 26, weak refs: 1

JNI global refs memory usage: 835, weak refs: 833

Process memory usage:
Resident Set Size: 324484K (8% of 3611468K total physical memory with 230296K free physical memory)

OOME stack traces (most recent first):
Classloader memory used:
Loader org.gradle.internal.classloader.VisitableURLClassLoader                         : 51145K
Loader bootstrap                                                                       : 28199K
Loader org.gradle.internal.classloader.VisitableURLClassLoader$InstrumentingVisitableURLClassLoader: 25890K
Loader org.gradle.initialization.MixInLegacyTypesClassLoader                           : 14144K
Loader org.gradle.internal.classloader.VisitableURLClassLoader                         : 8663K
Loader jdk.internal.reflect.DelegatingClassLoader                                      : 797K
Loader jdk.internal.loader.ClassLoaders$PlatformClassLoader                            : 530K
Loader jdk.internal.loader.ClassLoaders$AppClassLoader                                 : 234K
Loader org.gradle.groovy.scripts.internal.DefaultScriptCompilationHandler$ScriptClassLoader: 91440B
Loader org.codehaus.groovy.runtime.callsite.CallSiteClassLoader                        : 53080B


[error occurred during error reporting (Classloader stats), id 0xe0000001, Out of Memory Error (s\src\hotspot\share\memory\arena.cpp:168)]
---------------  S Y S T E M  ---------------

OS:
 Windows 11 , 64 bit Build 26100 (10.0.26100.3775)
OS uptime: 8 days 1:36 hours

CPU: total 4 (initial active 4) (4 cores per cpu, 2 threads per core) family 23 model 24 stepping 1 microcode 0x8108109, cx8, cmov, fxsr, ht, mmx, 3dnowpref, sse, sse2, sse3, ssse3, sse4a, sse4.1, sse4.2, popcnt, lzcnt, tsc, tscinvbit, avx, avx2, aes, clmul, bmi1, bmi2, adx, sha, fma, vzeroupper, clflush, clflushopt, rdtscp, f16c
Processor Information for the first 4 processors :
  Max Mhz: 2600, Current Mhz: 2600, Mhz Limit: 2600

Memory: 4k page, system-wide physical 3526M (217M free)
TotalPageFile size 14278M (AvailPageFile size 0M)
current process WorkingSet (physical memory assigned to process): 322M, peak: 429M
current process commit charge ("private bytes"): 577M, peak: 590M

vm_info: OpenJDK 64-Bit Server VM (21.0.6+-13355223-b631.42) for windows-amd64 JRE (21.0.6+-13355223-b631.42), built on 2025-04-14T18:21:23Z by "builder" with MS VC++ 16.10 / 16.11 (VS2019)

END.
